gajl-55668-20241105guyanan1:55552:55552 [0] NCCL INFO cudaDriverVersion 12020
gajl-55668-20241105guyanan1:55552:55552 [0] NCCL INFO NCCL version 2.26.5+cuda12.2
gajl-55668-20241105guyanan1:55552:94816 [0] NCCL INFO NET/Plugin: Could not find: libnccl-net.so. Using internal net plugin.
gajl-55668-20241105guyanan1:55552:94816 [0] NCCL INFO NET/IB : Using [0]mlx5_0:1/RoCE [1]mlx5_1:1/RoCE [2]mlx5_2:1/RoCE [3]mlx5_3:1/RoCE [4]mlx5_4:1/RoCE [5]mlx5_5:1/RoCE [6]mlx5_6:1/RoCE [7]mlx5_7:1/RoCE [8]mlx5_8:1/RoCE [9]mlx5_9:1/RoCE [RO]; OOB xgbe0:10.55.119.226<0>
gajl-55668-20241105guyanan1:55552:94816 [0] NCCL INFO PROFILER/Plugin: Could not find: libnccl-profiler.so. 
gajl-55668-20241105guyanan1:55552:94816 [0] NCCL INFO Using network IB
gajl-55668-20241105guyanan1:55552:94816 [0] NCCL INFO ncclCommInitRankConfigMemOpt comm 0x2b9f660 rank 0 nranks 8 cudaDev 0 nvmlDev 0 busId 18000 commId 0x1d59bc0e722a4718 - Init START
gajl-55668-20241105guyanan1:55552:94816 [0] NCCL INFO RAS client listening socket at ::1<28028>
gajl-55668-20241105guyanan1:55552:94816 [0] NCCL INFO Setting affinity for GPU 0 to ffff,ffffffff,00000000,0000ffff,ffffffff
gajl-55668-20241105guyanan1:55552:94816 [0] NCCL INFO NVLS multicast support is available on dev 0
gajl-55668-20241105guyanan1:55552:94816 [0] NCCL INFO comm 0x2b9f660 rank 0 nRanks 8 nNodes 1 localRanks 8 localRank 0 MNNVL 0
gajl-55668-20241105guyanan1:55552:94816 [0] NCCL INFO Channel 00/01 : 0 1 2 3 4 5 6 7
gajl-55668-20241105guyanan1:55552:94816 [0] NCCL INFO Trees [0] 1/-1/-1->0->-1
gajl-55668-20241105guyanan1:55552:94816 [0] NCCL INFO comm 0x2b9f660 rank 0 nranks 8 cudaDev 0 setBuffSizesMemOpt commName paddle set LL BuffSize to 123904
gajl-55668-20241105guyanan1:55552:94816 [0] NCCL INFO comm 0x2b9f660 rank 0 nranks 8 cudaDev 0 setBuffSizesMemOpt commName paddle set LL128 BuffSize to 525312

[2025-06-23 10:55:09] gajl-55668-20241105guyanan1:55552:94816 [0] init.cc:656 NCCL WARN BufferSize conflict: simple Buff 524289 is smaller than NVLS Buff 1048576. Adjusting simpleBuff to match NVLS requirements.
gajl-55668-20241105guyanan1:55552:94816 [0] NCCL INFO comm 0x2b9f660 rank 0 nranks 8 cudaDev 0 setBuffSizesMemOpt commName paddle set SIMPLE BuffSize to 1048576
gajl-55668-20241105guyanan1:55552:94816 [0] NCCL INFO P2P Chunksize set to 131072
gajl-55668-20241105guyanan1:55552:94816 [0] NCCL INFO Check P2P Type intraNodeP2pSupport 1 directMode 0
gajl-55668-20241105guyanan1:55552:107349 [0] NCCL INFO [Proxy Service UDS] Device 0 CPU core 30
gajl-55668-20241105guyanan1:55552:107340 [0] NCCL INFO [Proxy Service] Device 0 CPU core 129
gajl-55668-20241105guyanan1:55552:94816 [0] NCCL INFO NCCL_PROTO set by MemOptConfig to ll,ll128
gajl-55668-20241105guyanan1:55552:94816 [0] NCCL INFO   Algorithm   |                            Tree                  |                            Ring                  |                   CollNetDirect                  |
gajl-55668-20241105guyanan1:55552:94816 [0] NCCL INFO   Protocol    |             LL |          LL128 |         Simple |             LL |          LL128 |         Simple |             LL |          LL128 |         Simple |
gajl-55668-20241105guyanan1:55552:94816 [0] NCCL INFO  Max NThreads |            512 |            640 |            512 |            512 |            640 |            512 |              0 |              0 |            640 |
gajl-55668-20241105guyanan1:55552:94816 [0] NCCL INFO     Broadcast |     0.0/   0.0 |     0.0/   0.0 |     0.0/   0.0 |     7.2/ 141.0 |    15.9/ 331.2 |    11.8/   0.0 |     0.0/   0.0 |     0.0/   0.0 |     0.0/   0.0 |
gajl-55668-20241105guyanan1:55552:94816 [0] NCCL INFO        Reduce |     0.0/   0.0 |     0.0/   0.0 |     0.0/   0.0 |     7.2/ 141.0 |    15.9/ 331.2 |    11.8/   0.0 |     0.0/   0.0 |     0.0/   0.0 |     0.0/   0.0 |
gajl-55668-20241105guyanan1:55552:94816 [0] NCCL INFO     AllGather |     0.0/   0.0 |     0.0/   0.0 |     0.0/   0.0 |    10.8/ 161.1 |    27.3/ 378.5 |    32.2/   0.0 |     5.6/   0.0 |     5.6/   0.0 |    44.0/   0.0 |
gajl-55668-20241105guyanan1:55552:94816 [0] NCCL INFO ReduceScatter |     0.0/   0.0 |     0.0/   0.0 |     0.0/   0.0 |    10.8/ 161.1 |    27.3/ 378.5 |    32.2/   0.0 |     5.6/   0.0 |     5.6/   0.0 |    44.0/   0.0 |
gajl-55668-20241105guyanan1:55552:94816 [0] NCCL INFO     AllReduce |    15.2/  43.6 |    31.5/ 128.8 |    64.4/   0.0 |    15.0/  80.6 |    40.6/ 189.3 |    56.0/   0.0 |     5.6/   0.0 |     5.6/   0.0 |    44.0/   0.0 |
gajl-55668-20241105guyanan1:55552:94816 [0] NCCL INFO   Algorithm   |                    CollNetChain                  |                            NVLS                  |                        NVLSTree                  |
gajl-55668-20241105guyanan1:55552:94816 [0] NCCL INFO   Protocol    |             LL |          LL128 |         Simple |             LL |          LL128 |         Simple |             LL |          LL128 |         Simple |
gajl-55668-20241105guyanan1:55552:94816 [0] NCCL INFO  Max NThreads |              0 |              0 |            640 |              0 |              0 |            640 |              0 |              0 |            640 |
gajl-55668-20241105guyanan1:55552:94816 [0] NCCL INFO     Broadcast |     0.0/   0.0 |     0.0/   0.0 |     0.0/   0.0 |     0.0/   0.0 |     0.0/   0.0 |     0.0/   0.0 |     0.0/   0.0 |     0.0/   0.0 |     0.0/   0.0 |
gajl-55668-20241105guyanan1:55552:94816 [0] NCCL INFO        Reduce |     0.0/   0.0 |     0.0/   0.0 |     0.0/   0.0 |     0.0/   0.0 |     0.0/   0.0 |     0.0/   0.0 |     0.0/   0.0 |     0.0/   0.0 |     0.0/   0.0 |
gajl-55668-20241105guyanan1:55552:94816 [0] NCCL INFO     AllGather |     0.0/   0.0 |     0.0/   0.0 |     0.0/   0.0 |     0.0/   0.0 |     0.0/   0.0 |    25.0/   0.0 |     0.0/   0.0 |     0.0/   0.0 |     0.0/   0.0 |
gajl-55668-20241105guyanan1:55552:94816 [0] NCCL INFO ReduceScatter |     0.0/   0.0 |     0.0/   0.0 |     0.0/   0.0 |     0.0/   0.0 |     0.0/   0.0 |    25.0/   0.0 |     0.0/   0.0 |     0.0/   0.0 |     0.0/   0.0 |
gajl-55668-20241105guyanan1:55552:94816 [0] NCCL INFO     AllReduce |     0.0/   0.0 |     0.0/   0.0 |    69.2/   0.0 |     0.0/   0.0 |     0.0/   0.0 |    25.0/   0.0 |     0.0/   0.0 |     0.0/   0.0 |    25.0/   0.0 |
gajl-55668-20241105guyanan1:55552:94816 [0] NCCL INFO   Algorithm   |                             PAT                  |
gajl-55668-20241105guyanan1:55552:94816 [0] NCCL INFO   Protocol    |             LL |          LL128 |         Simple |             LL |          LL128 |         Simple |             LL |          LL128 |         Simple |
gajl-55668-20241105guyanan1:55552:94816 [0] NCCL INFO  Max NThreads |              0 |              0 |              0 |
gajl-55668-20241105guyanan1:55552:94816 [0] NCCL INFO     Broadcast |     0.0/   0.0 |     0.0/   0.0 |     0.0/   0.0 |
gajl-55668-20241105guyanan1:55552:94816 [0] NCCL INFO        Reduce |     0.0/   0.0 |     0.0/   0.0 |     0.0/   0.0 |
gajl-55668-20241105guyanan1:55552:94816 [0] NCCL INFO     AllGather |     0.0/   0.0 |     0.0/   0.0 |     0.0/   0.0 |
gajl-55668-20241105guyanan1:55552:94816 [0] NCCL INFO ReduceScatter |     0.0/   0.0 |     0.0/   0.0 |     0.0/   0.0 |
gajl-55668-20241105guyanan1:55552:94816 [0] NCCL INFO     AllReduce |     0.0/   0.0 |     0.0/   0.0 |     0.0/   0.0 |
gajl-55668-20241105guyanan1:55552:94816 [0] NCCL INFO threadThresholds 8/8/64 | 64/8/64 | 512 | 512
gajl-55668-20241105guyanan1:55552:94816 [0] NCCL INFO comm 0x2b9f660, 1 coll channels, 1 collnet channels, 1 nvls channels, 1 p2p channels, 1 p2p channels per peer
gajl-55668-20241105guyanan1:55552:94816 [0] NCCL INFO CC Off, workFifoBytes 1048576
gajl-55668-20241105guyanan1:55552:94816 [0] NCCL INFO TUNER/Plugin: Could not find: libnccl-tuner.so. Using internal tuner plugin.
gajl-55668-20241105guyanan1:55552:94816 [0] NCCL INFO ncclCommInitRankConfigMemOpt comm 0x2b9f660 rank 0 nranks 8 cudaDev 0 nvmlDev 0 busId 18000 commId 0x1d59bc0e722a4718 - Init COMPLETE
gajl-55668-20241105guyanan1:55552:94816 [0] NCCL INFO Init timings - ncclCommInitRankConfigMemOpt: rank 0 nranks 8 total 2.71 (kernels 0.30, alloc 1.17, bootstrap 0.45, allgathers 0.00, topo 0.59, graphs 0.01, connections 0.18, rest 0.00)
gajl-55668-20241105guyanan1:55552:109540 [0] NCCL INFO Channel 00/0 : 0[0] -> 1[1] via P2P/CUMEM
gajl-55668-20241105guyanan1:55552:109540 [0] NCCL INFO Connected all rings, use ring PXN 0 GDR 1
gajl-55668-20241105guyanan1:55552:55552 [0] NCCL INFO AllReduce: 4294967296 Bytes -> Algo RING proto LL128 channel{Lo..Hi}={0..0} comm 0x2b9f660
gajl-55668-20241105guyanan1:55552:55552 [0] NCCL INFO AllReduce: 4294967296 Bytes -> Algo RING proto LL128 channel{Lo..Hi}={0..0} comm 0x2b9f660
gajl-55668-20241105guyanan1:55552:55552 [0] NCCL INFO AllReduce: 4294967296 Bytes -> Algo RING proto LL128 channel{Lo..Hi}={0..0} comm 0x2b9f660
gajl-55668-20241105guyanan1:55552:55552 [0] NCCL INFO AllReduce: 4294967296 Bytes -> Algo RING proto LL128 channel{Lo..Hi}={0..0} comm 0x2b9f660
gajl-55668-20241105guyanan1:55552:55552 [0] NCCL INFO AllReduce: 4294967296 Bytes -> Algo RING proto LL128 channel{Lo..Hi}={0..0} comm 0x2b9f660
gajl-55668-20241105guyanan1:55552:55552 [0] NCCL INFO AllReduce: 4 Bytes -> Algo RING proto LL channel{Lo..Hi}={0..0} comm 0x2b9f660
gajl-55668-20241105guyanan1:55552:55552 [0] NCCL INFO AllReduce: 4 Bytes -> Algo RING proto LL channel{Lo..Hi}={0..0} comm 0x2b9f660
gajl-55668-20241105guyanan1:55552:55552 [0] NCCL INFO AllReduce: 4 Bytes -> Algo RING proto LL channel{Lo..Hi}={0..0} comm 0x2b9f660
gajl-55668-20241105guyanan1:55552:55552 [0] NCCL INFO AllReduce: 4 Bytes -> Algo RING proto LL channel{Lo..Hi}={0..0} comm 0x2b9f660
gajl-55668-20241105guyanan1:55552:55552 [0] NCCL INFO AllReduce: 4 Bytes -> Algo RING proto LL channel{Lo..Hi}={0..0} comm 0x2b9f660
gajl-55668-20241105guyanan1:55552:55552 [0] NCCL INFO AllReduce: 4 Bytes -> Algo RING proto LL channel{Lo..Hi}={0..0} comm 0x2b9f660
gajl-55668-20241105guyanan1:55552:55552 [0] NCCL INFO AllReduce: 4 Bytes -> Algo RING proto LL channel{Lo..Hi}={0..0} comm 0x2b9f660
gajl-55668-20241105guyanan1:55552:55552 [0] NCCL INFO AllReduce: 4 Bytes -> Algo RING proto LL channel{Lo..Hi}={0..0} comm 0x2b9f660
gajl-55668-20241105guyanan1:55552:55552 [0] NCCL INFO AllReduce: 4 Bytes -> Algo RING proto LL channel{Lo..Hi}={0..0} comm 0x2b9f660
gajl-55668-20241105guyanan1:55552:55552 [0] NCCL INFO AllReduce: 4 Bytes -> Algo RING proto LL channel{Lo..Hi}={0..0} comm 0x2b9f660
gajl-55668-20241105guyanan1:55552:55552 [0] NCCL INFO AllReduce: 4 Bytes -> Algo RING proto LL channel{Lo..Hi}={0..0} comm 0x2b9f660
gajl-55668-20241105guyanan1:55552:55552 [0] NCCL INFO AllReduce: 4 Bytes -> Algo RING proto LL channel{Lo..Hi}={0..0} comm 0x2b9f660
gajl-55668-20241105guyanan1:55552:55552 [0] NCCL INFO AllReduce: 4 Bytes -> Algo RING proto LL channel{Lo..Hi}={0..0} comm 0x2b9f660
gajl-55668-20241105guyanan1:55552:55552 [0] NCCL INFO AllReduce: 4 Bytes -> Algo RING proto LL channel{Lo..Hi}={0..0} comm 0x2b9f660
gajl-55668-20241105guyanan1:55552:55552 [0] NCCL INFO AllReduce: 4 Bytes -> Algo RING proto LL channel{Lo..Hi}={0..0} comm 0x2b9f660
gajl-55668-20241105guyanan1:55552:55552 [0] NCCL INFO AllReduce: 4 Bytes -> Algo RING proto LL channel{Lo..Hi}={0..0} comm 0x2b9f660
gajl-55668-20241105guyanan1:55552:55552 [0] NCCL INFO AllReduce: 4 Bytes -> Algo RING proto LL channel{Lo..Hi}={0..0} comm 0x2b9f660
gajl-55668-20241105guyanan1:55552:55552 [0] NCCL INFO AllReduce: 4 Bytes -> Algo RING proto LL channel{Lo..Hi}={0..0} comm 0x2b9f660
gajl-55668-20241105guyanan1:55552:55552 [0] NCCL INFO AllReduce: 4 Bytes -> Algo RING proto LL channel{Lo..Hi}={0..0} comm 0x2b9f660
gajl-55668-20241105guyanan1:55552:55552 [0] NCCL INFO AllReduce: 8 Bytes -> Algo RING proto LL channel{Lo..Hi}={0..0} comm 0x2b9f660
gajl-55668-20241105guyanan1:55552:55552 [0] NCCL INFO AllReduce: 8 Bytes -> Algo RING proto LL channel{Lo..Hi}={0..0} comm 0x2b9f660
gajl-55668-20241105guyanan1:55552:55552 [0] NCCL INFO AllReduce: 8 Bytes -> Algo RING proto LL channel{Lo..Hi}={0..0} comm 0x2b9f660
gajl-55668-20241105guyanan1:55552:55552 [0] NCCL INFO AllReduce: 8 Bytes -> Algo RING proto LL channel{Lo..Hi}={0..0} comm 0x2b9f660
gajl-55668-20241105guyanan1:55552:55552 [0] NCCL INFO AllReduce: 8 Bytes -> Algo RING proto LL channel{Lo..Hi}={0..0} comm 0x2b9f660
gajl-55668-20241105guyanan1:55552:55552 [0] NCCL INFO AllReduce: 8 Bytes -> Algo RING proto LL channel{Lo..Hi}={0..0} comm 0x2b9f660
gajl-55668-20241105guyanan1:55552:55552 [0] NCCL INFO AllReduce: 8 Bytes -> Algo RING proto LL channel{Lo..Hi}={0..0} comm 0x2b9f660
gajl-55668-20241105guyanan1:55552:55552 [0] NCCL INFO AllReduce: 8 Bytes -> Algo RING proto LL channel{Lo..Hi}={0..0} comm 0x2b9f660
gajl-55668-20241105guyanan1:55552:55552 [0] NCCL INFO AllReduce: 8 Bytes -> Algo RING proto LL channel{Lo..Hi}={0..0} comm 0x2b9f660
gajl-55668-20241105guyanan1:55552:55552 [0] NCCL INFO AllReduce: 8 Bytes -> Algo RING proto LL channel{Lo..Hi}={0..0} comm 0x2b9f660
gajl-55668-20241105guyanan1:55552:55552 [0] NCCL INFO AllReduce: 8 Bytes -> Algo RING proto LL channel{Lo..Hi}={0..0} comm 0x2b9f660
gajl-55668-20241105guyanan1:55552:55552 [0] NCCL INFO AllReduce: 8 Bytes -> Algo RING proto LL channel{Lo..Hi}={0..0} comm 0x2b9f660
gajl-55668-20241105guyanan1:55552:55552 [0] NCCL INFO AllReduce: 8 Bytes -> Algo RING proto LL channel{Lo..Hi}={0..0} comm 0x2b9f660
gajl-55668-20241105guyanan1:55552:55552 [0] NCCL INFO AllReduce: 8 Bytes -> Algo RING proto LL channel{Lo..Hi}={0..0} comm 0x2b9f660
gajl-55668-20241105guyanan1:55552:55552 [0] NCCL INFO AllReduce: 16 Bytes -> Algo RING proto LL channel{Lo..Hi}={0..0} comm 0x2b9f660
gajl-55668-20241105guyanan1:55552:55552 [0] NCCL INFO AllReduce: 16 Bytes -> Algo RING proto LL channel{Lo..Hi}={0..0} comm 0x2b9f660
gajl-55668-20241105guyanan1:55552:55552 [0] NCCL INFO AllReduce: 16 Bytes -> Algo RING proto LL channel{Lo..Hi}={0..0} comm 0x2b9f660
gajl-55668-20241105guyanan1:55552:55552 [0] NCCL INFO AllReduce: 16 Bytes -> Algo RING proto LL channel{Lo..Hi}={0..0} comm 0x2b9f660
gajl-55668-20241105guyanan1:55552:55552 [0] NCCL INFO AllReduce: 16 Bytes -> Algo RING proto LL channel{Lo..Hi}={0..0} comm 0x2b9f660
gajl-55668-20241105guyanan1:55552:55552 [0] NCCL INFO AllReduce: 16 Bytes -> Algo RING proto LL channel{Lo..Hi}={0..0} comm 0x2b9f660
gajl-55668-20241105guyanan1:55552:55552 [0] NCCL INFO AllReduce: 16 Bytes -> Algo RING proto LL channel{Lo..Hi}={0..0} comm 0x2b9f660
gajl-55668-20241105guyanan1:55552:55552 [0] NCCL INFO AllReduce: 16 Bytes -> Algo RING proto LL channel{Lo..Hi}={0..0} comm 0x2b9f660
gajl-55668-20241105guyanan1:55552:55552 [0] NCCL INFO AllReduce: 16 Bytes -> Algo RING proto LL channel{Lo..Hi}={0..0} comm 0x2b9f660
gajl-55668-20241105guyanan1:55552:55552 [0] NCCL INFO AllReduce: 16 Bytes -> Algo RING proto LL channel{Lo..Hi}={0..0} comm 0x2b9f660
gajl-55668-20241105guyanan1:55552:55552 [0] NCCL INFO AllReduce: 16 Bytes -> Algo RING proto LL channel{Lo..Hi}={0..0} comm 0x2b9f660
gajl-55668-20241105guyanan1:55552:55552 [0] NCCL INFO AllReduce: 16 Bytes -> Algo RING proto LL channel{Lo..Hi}={0..0} comm 0x2b9f660
gajl-55668-20241105guyanan1:55552:55552 [0] NCCL INFO AllReduce: 16 Bytes -> Algo RING proto LL channel{Lo..Hi}={0..0} comm 0x2b9f660
gajl-55668-20241105guyanan1:55552:55552 [0] NCCL INFO AllReduce: 16 Bytes -> Algo RING proto LL channel{Lo..Hi}={0..0} comm 0x2b9f660
gajl-55668-20241105guyanan1:55552:55552 [0] NCCL INFO AllReduce: 32 Bytes -> Algo RING proto LL channel{Lo..Hi}={0..0} comm 0x2b9f660
gajl-55668-20241105guyanan1:55552:55552 [0] NCCL INFO AllReduce: 32 Bytes -> Algo RING proto LL channel{Lo..Hi}={0..0} comm 0x2b9f660
gajl-55668-20241105guyanan1:55552:55552 [0] NCCL INFO AllReduce: 32 Bytes -> Algo RING proto LL channel{Lo..Hi}={0..0} comm 0x2b9f660
gajl-55668-20241105guyanan1:55552:55552 [0] NCCL INFO AllReduce: 32 Bytes -> Algo RING proto LL channel{Lo..Hi}={0..0} comm 0x2b9f660
gajl-55668-20241105guyanan1:55552:55552 [0] NCCL INFO AllReduce: 32 Bytes -> Algo RING proto LL channel{Lo..Hi}={0..0} comm 0x2b9f660
gajl-55668-20241105guyanan1:55552:55552 [0] NCCL INFO AllReduce: 32 Bytes -> Algo RING proto LL channel{Lo..Hi}={0..0} comm 0x2b9f660
gajl-55668-20241105guyanan1:55552:55552 [0] NCCL INFO AllReduce: 32 Bytes -> Algo RING proto LL channel{Lo..Hi}={0..0} comm 0x2b9f660
gajl-55668-20241105guyanan1:55552:55552 [0] NCCL INFO AllReduce: 32 Bytes -> Algo RING proto LL channel{Lo..Hi}={0..0} comm 0x2b9f660
gajl-55668-20241105guyanan1:55552:55552 [0] NCCL INFO AllReduce: 32 Bytes -> Algo RING proto LL channel{Lo..Hi}={0..0} comm 0x2b9f660
gajl-55668-20241105guyanan1:55552:55552 [0] NCCL INFO AllReduce: 32 Bytes -> Algo RING proto LL channel{Lo..Hi}={0..0} comm 0x2b9f660
gajl-55668-20241105guyanan1:55552:55552 [0] NCCL INFO AllReduce: 32 Bytes -> Algo RING proto LL channel{Lo..Hi}={0..0} comm 0x2b9f660
gajl-55668-20241105guyanan1:55552:55552 [0] NCCL INFO AllReduce: 32 Bytes -> Algo RING proto LL channel{Lo..Hi}={0..0} comm 0x2b9f660
gajl-55668-20241105guyanan1:55552:55552 [0] NCCL INFO AllReduce: 32 Bytes -> Algo RING proto LL channel{Lo..Hi}={0..0} comm 0x2b9f660
gajl-55668-20241105guyanan1:55552:55552 [0] NCCL INFO AllReduce: 32 Bytes -> Algo RING proto LL channel{Lo..Hi}={0..0} comm 0x2b9f660
gajl-55668-20241105guyanan1:55552:55552 [0] NCCL INFO AllReduce: 64 Bytes -> Algo RING proto LL channel{Lo..Hi}={0..0} comm 0x2b9f660
gajl-55668-20241105guyanan1:55552:55552 [0] NCCL INFO AllReduce: 64 Bytes -> Algo RING proto LL channel{Lo..Hi}={0..0} comm 0x2b9f660
gajl-55668-20241105guyanan1:55552:55552 [0] NCCL INFO AllReduce: 64 Bytes -> Algo RING proto LL channel{Lo..Hi}={0..0} comm 0x2b9f660
gajl-55668-20241105guyanan1:55552:55552 [0] NCCL INFO AllReduce: 64 Bytes -> Algo RING proto LL channel{Lo..Hi}={0..0} comm 0x2b9f660
gajl-55668-20241105guyanan1:55552:55552 [0] NCCL INFO AllReduce: 64 Bytes -> Algo RING proto LL channel{Lo..Hi}={0..0} comm 0x2b9f660
gajl-55668-20241105guyanan1:55552:55552 [0] NCCL INFO AllReduce: 64 Bytes -> Algo RING proto LL channel{Lo..Hi}={0..0} comm 0x2b9f660
gajl-55668-20241105guyanan1:55552:55552 [0] NCCL INFO AllReduce: 64 Bytes -> Algo RING proto LL channel{Lo..Hi}={0..0} comm 0x2b9f660
gajl-55668-20241105guyanan1:55552:55552 [0] NCCL INFO AllReduce: 64 Bytes -> Algo RING proto LL channel{Lo..Hi}={0..0} comm 0x2b9f660
gajl-55668-20241105guyanan1:55552:55552 [0] NCCL INFO AllReduce: 64 Bytes -> Algo RING proto LL channel{Lo..Hi}={0..0} comm 0x2b9f660
gajl-55668-20241105guyanan1:55552:55552 [0] NCCL INFO AllReduce: 64 Bytes -> Algo RING proto LL channel{Lo..Hi}={0..0} comm 0x2b9f660
gajl-55668-20241105guyanan1:55552:55552 [0] NCCL INFO AllReduce: 64 Bytes -> Algo RING proto LL channel{Lo..Hi}={0..0} comm 0x2b9f660
gajl-55668-20241105guyanan1:55552:55552 [0] NCCL INFO AllReduce: 64 Bytes -> Algo RING proto LL channel{Lo..Hi}={0..0} comm 0x2b9f660
gajl-55668-20241105guyanan1:55552:55552 [0] NCCL INFO AllReduce: 64 Bytes -> Algo RING proto LL channel{Lo..Hi}={0..0} comm 0x2b9f660
gajl-55668-20241105guyanan1:55552:55552 [0] NCCL INFO AllReduce: 64 Bytes -> Algo RING proto LL channel{Lo..Hi}={0..0} comm 0x2b9f660
gajl-55668-20241105guyanan1:55552:55552 [0] NCCL INFO AllReduce: 128 Bytes -> Algo RING proto LL channel{Lo..Hi}={0..0} comm 0x2b9f660
gajl-55668-20241105guyanan1:55552:55552 [0] NCCL INFO AllReduce: 128 Bytes -> Algo RING proto LL channel{Lo..Hi}={0..0} comm 0x2b9f660
gajl-55668-20241105guyanan1:55552:55552 [0] NCCL INFO AllReduce: 128 Bytes -> Algo RING proto LL channel{Lo..Hi}={0..0} comm 0x2b9f660
gajl-55668-20241105guyanan1:55552:55552 [0] NCCL INFO AllReduce: 128 Bytes -> Algo RING proto LL channel{Lo..Hi}={0..0} comm 0x2b9f660
gajl-55668-20241105guyanan1:55552:55552 [0] NCCL INFO AllReduce: 128 Bytes -> Algo RING proto LL channel{Lo..Hi}={0..0} comm 0x2b9f660
gajl-55668-20241105guyanan1:55552:55552 [0] NCCL INFO AllReduce: 128 Bytes -> Algo RING proto LL channel{Lo..Hi}={0..0} comm 0x2b9f660
gajl-55668-20241105guyanan1:55552:55552 [0] NCCL INFO AllReduce: 128 Bytes -> Algo RING proto LL channel{Lo..Hi}={0..0} comm 0x2b9f660
gajl-55668-20241105guyanan1:55552:55552 [0] NCCL INFO AllReduce: 128 Bytes -> Algo RING proto LL channel{Lo..Hi}={0..0} comm 0x2b9f660
gajl-55668-20241105guyanan1:55552:55552 [0] NCCL INFO AllReduce: 128 Bytes -> Algo RING proto LL channel{Lo..Hi}={0..0} comm 0x2b9f660
gajl-55668-20241105guyanan1:55552:55552 [0] NCCL INFO AllReduce: 128 Bytes -> Algo RING proto LL channel{Lo..Hi}={0..0} comm 0x2b9f660
gajl-55668-20241105guyanan1:55552:55552 [0] NCCL INFO AllReduce: 128 Bytes -> Algo RING proto LL channel{Lo..Hi}={0..0} comm 0x2b9f660
gajl-55668-20241105guyanan1:55552:55552 [0] NCCL INFO AllReduce: 128 Bytes -> Algo RING proto LL channel{Lo..Hi}={0..0} comm 0x2b9f660
gajl-55668-20241105guyanan1:55552:55552 [0] NCCL INFO AllReduce: 128 Bytes -> Algo RING proto LL channel{Lo..Hi}={0..0} comm 0x2b9f660
gajl-55668-20241105guyanan1:55552:55552 [0] NCCL INFO AllReduce: 128 Bytes -> Algo RING proto LL channel{Lo..Hi}={0..0} comm 0x2b9f660
gajl-55668-20241105guyanan1:55552:55552 [0] NCCL INFO AllReduce: 256 Bytes -> Algo RING proto LL channel{Lo..Hi}={0..0} comm 0x2b9f660
gajl-55668-20241105guyanan1:55552:55552 [0] NCCL INFO AllReduce: 256 Bytes -> Algo RING proto LL channel{Lo..Hi}={0..0} comm 0x2b9f660
gajl-55668-20241105guyanan1:55552:55552 [0] NCCL INFO AllReduce: 256 Bytes -> Algo RING proto LL channel{Lo..Hi}={0..0} comm 0x2b9f660
gajl-55668-20241105guyanan1:55552:55552 [0] NCCL INFO AllReduce: 256 Bytes -> Algo RING proto LL channel{Lo..Hi}={0..0} comm 0x2b9f660
gajl-55668-20241105guyanan1:55552:55552 [0] NCCL INFO AllReduce: 256 Bytes -> Algo RING proto LL channel{Lo..Hi}={0..0} comm 0x2b9f660
gajl-55668-20241105guyanan1:55552:55552 [0] NCCL INFO AllReduce: 256 Bytes -> Algo RING proto LL channel{Lo..Hi}={0..0} comm 0x2b9f660
gajl-55668-20241105guyanan1:55552:55552 [0] NCCL INFO AllReduce: 256 Bytes -> Algo RING proto LL channel{Lo..Hi}={0..0} comm 0x2b9f660
gajl-55668-20241105guyanan1:55552:55552 [0] NCCL INFO AllReduce: 256 Bytes -> Algo RING proto LL channel{Lo..Hi}={0..0} comm 0x2b9f660
gajl-55668-20241105guyanan1:55552:55552 [0] NCCL INFO AllReduce: 256 Bytes -> Algo RING proto LL channel{Lo..Hi}={0..0} comm 0x2b9f660
gajl-55668-20241105guyanan1:55552:55552 [0] NCCL INFO AllReduce: 256 Bytes -> Algo RING proto LL channel{Lo..Hi}={0..0} comm 0x2b9f660
gajl-55668-20241105guyanan1:55552:55552 [0] NCCL INFO AllReduce: 256 Bytes -> Algo RING proto LL channel{Lo..Hi}={0..0} comm 0x2b9f660
gajl-55668-20241105guyanan1:55552:55552 [0] NCCL INFO AllReduce: 256 Bytes -> Algo RING proto LL channel{Lo..Hi}={0..0} comm 0x2b9f660
gajl-55668-20241105guyanan1:55552:55552 [0] NCCL INFO AllReduce: 256 Bytes -> Algo RING proto LL channel{Lo..Hi}={0..0} comm 0x2b9f660
gajl-55668-20241105guyanan1:55552:55552 [0] NCCL INFO AllReduce: 256 Bytes -> Algo RING proto LL channel{Lo..Hi}={0..0} comm 0x2b9f660
gajl-55668-20241105guyanan1:55552:55552 [0] NCCL INFO AllReduce: 512 Bytes -> Algo RING proto LL channel{Lo..Hi}={0..0} comm 0x2b9f660
gajl-55668-20241105guyanan1:55552:55552 [0] NCCL INFO AllReduce: 512 Bytes -> Algo RING proto LL channel{Lo..Hi}={0..0} comm 0x2b9f660
gajl-55668-20241105guyanan1:55552:55552 [0] NCCL INFO AllReduce: 512 Bytes -> Algo RING proto LL channel{Lo..Hi}={0..0} comm 0x2b9f660
gajl-55668-20241105guyanan1:55552:55552 [0] NCCL INFO AllReduce: 512 Bytes -> Algo RING proto LL channel{Lo..Hi}={0..0} comm 0x2b9f660
gajl-55668-20241105guyanan1:55552:55552 [0] NCCL INFO AllReduce: 512 Bytes -> Algo RING proto LL channel{Lo..Hi}={0..0} comm 0x2b9f660
gajl-55668-20241105guyanan1:55552:55552 [0] NCCL INFO AllReduce: 512 Bytes -> Algo RING proto LL channel{Lo..Hi}={0..0} comm 0x2b9f660
gajl-55668-20241105guyanan1:55552:55552 [0] NCCL INFO AllReduce: 512 Bytes -> Algo RING proto LL channel{Lo..Hi}={0..0} comm 0x2b9f660
gajl-55668-20241105guyanan1:55552:55552 [0] NCCL INFO AllReduce: 512 Bytes -> Algo RING proto LL channel{Lo..Hi}={0..0} comm 0x2b9f660
gajl-55668-20241105guyanan1:55552:55552 [0] NCCL INFO AllReduce: 512 Bytes -> Algo RING proto LL channel{Lo..Hi}={0..0} comm 0x2b9f660
gajl-55668-20241105guyanan1:55552:55552 [0] NCCL INFO AllReduce: 512 Bytes -> Algo RING proto LL channel{Lo..Hi}={0..0} comm 0x2b9f660
gajl-55668-20241105guyanan1:55552:55552 [0] NCCL INFO AllReduce: 512 Bytes -> Algo RING proto LL channel{Lo..Hi}={0..0} comm 0x2b9f660
gajl-55668-20241105guyanan1:55552:55552 [0] NCCL INFO AllReduce: 512 Bytes -> Algo RING proto LL channel{Lo..Hi}={0..0} comm 0x2b9f660
gajl-55668-20241105guyanan1:55552:55552 [0] NCCL INFO AllReduce: 512 Bytes -> Algo RING proto LL channel{Lo..Hi}={0..0} comm 0x2b9f660
gajl-55668-20241105guyanan1:55552:55552 [0] NCCL INFO AllReduce: 512 Bytes -> Algo RING proto LL channel{Lo..Hi}={0..0} comm 0x2b9f660
gajl-55668-20241105guyanan1:55552:55552 [0] NCCL INFO AllReduce: 1024 Bytes -> Algo RING proto LL channel{Lo..Hi}={0..0} comm 0x2b9f660
gajl-55668-20241105guyanan1:55552:55552 [0] NCCL INFO AllReduce: 1024 Bytes -> Algo RING proto LL channel{Lo..Hi}={0..0} comm 0x2b9f660
gajl-55668-20241105guyanan1:55552:55552 [0] NCCL INFO AllReduce: 1024 Bytes -> Algo RING proto LL channel{Lo..Hi}={0..0} comm 0x2b9f660
gajl-55668-20241105guyanan1:55552:55552 [0] NCCL INFO AllReduce: 1024 Bytes -> Algo RING proto LL channel{Lo..Hi}={0..0} comm 0x2b9f660
gajl-55668-20241105guyanan1:55552:55552 [0] NCCL INFO AllReduce: 1024 Bytes -> Algo RING proto LL channel{Lo..Hi}={0..0} comm 0x2b9f660
gajl-55668-20241105guyanan1:55552:55552 [0] NCCL INFO AllReduce: 1024 Bytes -> Algo RING proto LL channel{Lo..Hi}={0..0} comm 0x2b9f660
gajl-55668-20241105guyanan1:55552:55552 [0] NCCL INFO AllReduce: 1024 Bytes -> Algo RING proto LL channel{Lo..Hi}={0..0} comm 0x2b9f660
gajl-55668-20241105guyanan1:55552:55552 [0] NCCL INFO AllReduce: 1024 Bytes -> Algo RING proto LL channel{Lo..Hi}={0..0} comm 0x2b9f660
gajl-55668-20241105guyanan1:55552:55552 [0] NCCL INFO AllReduce: 1024 Bytes -> Algo RING proto LL channel{Lo..Hi}={0..0} comm 0x2b9f660
gajl-55668-20241105guyanan1:55552:55552 [0] NCCL INFO AllReduce: 1024 Bytes -> Algo RING proto LL channel{Lo..Hi}={0..0} comm 0x2b9f660
gajl-55668-20241105guyanan1:55552:55552 [0] NCCL INFO AllReduce: 1024 Bytes -> Algo RING proto LL channel{Lo..Hi}={0..0} comm 0x2b9f660
gajl-55668-20241105guyanan1:55552:55552 [0] NCCL INFO AllReduce: 1024 Bytes -> Algo RING proto LL channel{Lo..Hi}={0..0} comm 0x2b9f660
gajl-55668-20241105guyanan1:55552:55552 [0] NCCL INFO AllReduce: 1024 Bytes -> Algo RING proto LL channel{Lo..Hi}={0..0} comm 0x2b9f660
gajl-55668-20241105guyanan1:55552:55552 [0] NCCL INFO AllReduce: 1024 Bytes -> Algo RING proto LL channel{Lo..Hi}={0..0} comm 0x2b9f660
gajl-55668-20241105guyanan1:55552:55552 [0] NCCL INFO AllReduce: 2048 Bytes -> Algo RING proto LL channel{Lo..Hi}={0..0} comm 0x2b9f660
gajl-55668-20241105guyanan1:55552:55552 [0] NCCL INFO AllReduce: 2048 Bytes -> Algo RING proto LL channel{Lo..Hi}={0..0} comm 0x2b9f660
gajl-55668-20241105guyanan1:55552:55552 [0] NCCL INFO AllReduce: 2048 Bytes -> Algo RING proto LL channel{Lo..Hi}={0..0} comm 0x2b9f660
gajl-55668-20241105guyanan1:55552:55552 [0] NCCL INFO AllReduce: 2048 Bytes -> Algo RING proto LL channel{Lo..Hi}={0..0} comm 0x2b9f660
gajl-55668-20241105guyanan1:55552:55552 [0] NCCL INFO AllReduce: 2048 Bytes -> Algo RING proto LL channel{Lo..Hi}={0..0} comm 0x2b9f660
gajl-55668-20241105guyanan1:55552:55552 [0] NCCL INFO AllReduce: 2048 Bytes -> Algo RING proto LL channel{Lo..Hi}={0..0} comm 0x2b9f660
gajl-55668-20241105guyanan1:55552:55552 [0] NCCL INFO AllReduce: 2048 Bytes -> Algo RING proto LL channel{Lo..Hi}={0..0} comm 0x2b9f660
gajl-55668-20241105guyanan1:55552:55552 [0] NCCL INFO AllReduce: 2048 Bytes -> Algo RING proto LL channel{Lo..Hi}={0..0} comm 0x2b9f660
gajl-55668-20241105guyanan1:55552:55552 [0] NCCL INFO AllReduce: 2048 Bytes -> Algo RING proto LL channel{Lo..Hi}={0..0} comm 0x2b9f660
gajl-55668-20241105guyanan1:55552:55552 [0] NCCL INFO AllReduce: 2048 Bytes -> Algo RING proto LL channel{Lo..Hi}={0..0} comm 0x2b9f660
gajl-55668-20241105guyanan1:55552:55552 [0] NCCL INFO AllReduce: 2048 Bytes -> Algo RING proto LL channel{Lo..Hi}={0..0} comm 0x2b9f660
gajl-55668-20241105guyanan1:55552:55552 [0] NCCL INFO AllReduce: 2048 Bytes -> Algo RING proto LL channel{Lo..Hi}={0..0} comm 0x2b9f660
gajl-55668-20241105guyanan1:55552:55552 [0] NCCL INFO AllReduce: 2048 Bytes -> Algo RING proto LL channel{Lo..Hi}={0..0} comm 0x2b9f660
gajl-55668-20241105guyanan1:55552:55552 [0] NCCL INFO AllReduce: 2048 Bytes -> Algo RING proto LL channel{Lo..Hi}={0..0} comm 0x2b9f660
gajl-55668-20241105guyanan1:55552:55552 [0] NCCL INFO AllReduce: 4096 Bytes -> Algo RING proto LL channel{Lo..Hi}={0..0} comm 0x2b9f660
gajl-55668-20241105guyanan1:55552:55552 [0] NCCL INFO AllReduce: 4096 Bytes -> Algo RING proto LL channel{Lo..Hi}={0..0} comm 0x2b9f660
gajl-55668-20241105guyanan1:55552:55552 [0] NCCL INFO AllReduce: 4096 Bytes -> Algo RING proto LL channel{Lo..Hi}={0..0} comm 0x2b9f660
gajl-55668-20241105guyanan1:55552:55552 [0] NCCL INFO AllReduce: 4096 Bytes -> Algo RING proto LL channel{Lo..Hi}={0..0} comm 0x2b9f660
gajl-55668-20241105guyanan1:55552:55552 [0] NCCL INFO AllReduce: 4096 Bytes -> Algo RING proto LL channel{Lo..Hi}={0..0} comm 0x2b9f660
gajl-55668-20241105guyanan1:55552:55552 [0] NCCL INFO AllReduce: 4096 Bytes -> Algo RING proto LL channel{Lo..Hi}={0..0} comm 0x2b9f660
gajl-55668-20241105guyanan1:55552:55552 [0] NCCL INFO AllReduce: 4096 Bytes -> Algo RING proto LL channel{Lo..Hi}={0..0} comm 0x2b9f660
gajl-55668-20241105guyanan1:55552:55552 [0] NCCL INFO AllReduce: 4096 Bytes -> Algo RING proto LL channel{Lo..Hi}={0..0} comm 0x2b9f660
gajl-55668-20241105guyanan1:55552:55552 [0] NCCL INFO AllReduce: 4096 Bytes -> Algo RING proto LL channel{Lo..Hi}={0..0} comm 0x2b9f660
gajl-55668-20241105guyanan1:55552:55552 [0] NCCL INFO AllReduce: 4096 Bytes -> Algo RING proto LL channel{Lo..Hi}={0..0} comm 0x2b9f660
gajl-55668-20241105guyanan1:55552:55552 [0] NCCL INFO AllReduce: 4096 Bytes -> Algo RING proto LL channel{Lo..Hi}={0..0} comm 0x2b9f660
gajl-55668-20241105guyanan1:55552:55552 [0] NCCL INFO AllReduce: 4096 Bytes -> Algo RING proto LL channel{Lo..Hi}={0..0} comm 0x2b9f660
gajl-55668-20241105guyanan1:55552:55552 [0] NCCL INFO AllReduce: 4096 Bytes -> Algo RING proto LL channel{Lo..Hi}={0..0} comm 0x2b9f660
gajl-55668-20241105guyanan1:55552:55552 [0] NCCL INFO AllReduce: 4096 Bytes -> Algo RING proto LL channel{Lo..Hi}={0..0} comm 0x2b9f660
gajl-55668-20241105guyanan1:55552:55552 [0] NCCL INFO AllReduce: 8192 Bytes -> Algo RING proto LL channel{Lo..Hi}={0..0} comm 0x2b9f660
gajl-55668-20241105guyanan1:55552:55552 [0] NCCL INFO AllReduce: 8192 Bytes -> Algo RING proto LL channel{Lo..Hi}={0..0} comm 0x2b9f660
gajl-55668-20241105guyanan1:55552:55552 [0] NCCL INFO AllReduce: 8192 Bytes -> Algo RING proto LL channel{Lo..Hi}={0..0} comm 0x2b9f660
gajl-55668-20241105guyanan1:55552:55552 [0] NCCL INFO AllReduce: 8192 Bytes -> Algo RING proto LL channel{Lo..Hi}={0..0} comm 0x2b9f660
gajl-55668-20241105guyanan1:55552:55552 [0] NCCL INFO AllReduce: 8192 Bytes -> Algo RING proto LL channel{Lo..Hi}={0..0} comm 0x2b9f660
gajl-55668-20241105guyanan1:55552:55552 [0] NCCL INFO AllReduce: 8192 Bytes -> Algo RING proto LL channel{Lo..Hi}={0..0} comm 0x2b9f660
gajl-55668-20241105guyanan1:55552:55552 [0] NCCL INFO AllReduce: 8192 Bytes -> Algo RING proto LL channel{Lo..Hi}={0..0} comm 0x2b9f660
gajl-55668-20241105guyanan1:55552:55552 [0] NCCL INFO AllReduce: 8192 Bytes -> Algo RING proto LL channel{Lo..Hi}={0..0} comm 0x2b9f660
gajl-55668-20241105guyanan1:55552:55552 [0] NCCL INFO AllReduce: 8192 Bytes -> Algo RING proto LL channel{Lo..Hi}={0..0} comm 0x2b9f660
gajl-55668-20241105guyanan1:55552:55552 [0] NCCL INFO AllReduce: 8192 Bytes -> Algo RING proto LL channel{Lo..Hi}={0..0} comm 0x2b9f660
gajl-55668-20241105guyanan1:55552:55552 [0] NCCL INFO AllReduce: 8192 Bytes -> Algo RING proto LL channel{Lo..Hi}={0..0} comm 0x2b9f660
gajl-55668-20241105guyanan1:55552:55552 [0] NCCL INFO AllReduce: 8192 Bytes -> Algo RING proto LL channel{Lo..Hi}={0..0} comm 0x2b9f660
gajl-55668-20241105guyanan1:55552:55552 [0] NCCL INFO AllReduce: 8192 Bytes -> Algo RING proto LL channel{Lo..Hi}={0..0} comm 0x2b9f660
gajl-55668-20241105guyanan1:55552:55552 [0] NCCL INFO AllReduce: 8192 Bytes -> Algo RING proto LL channel{Lo..Hi}={0..0} comm 0x2b9f660
gajl-55668-20241105guyanan1:55552:55552 [0] NCCL INFO AllReduce: 16384 Bytes -> Algo RING proto LL channel{Lo..Hi}={0..0} comm 0x2b9f660
gajl-55668-20241105guyanan1:55552:55552 [0] NCCL INFO AllReduce: 16384 Bytes -> Algo RING proto LL channel{Lo..Hi}={0..0} comm 0x2b9f660
gajl-55668-20241105guyanan1:55552:55552 [0] NCCL INFO AllReduce: 16384 Bytes -> Algo RING proto LL channel{Lo..Hi}={0..0} comm 0x2b9f660
gajl-55668-20241105guyanan1:55552:55552 [0] NCCL INFO AllReduce: 16384 Bytes -> Algo RING proto LL channel{Lo..Hi}={0..0} comm 0x2b9f660
gajl-55668-20241105guyanan1:55552:55552 [0] NCCL INFO AllReduce: 16384 Bytes -> Algo RING proto LL channel{Lo..Hi}={0..0} comm 0x2b9f660
gajl-55668-20241105guyanan1:55552:55552 [0] NCCL INFO AllReduce: 16384 Bytes -> Algo RING proto LL channel{Lo..Hi}={0..0} comm 0x2b9f660
gajl-55668-20241105guyanan1:55552:55552 [0] NCCL INFO AllReduce: 16384 Bytes -> Algo RING proto LL channel{Lo..Hi}={0..0} comm 0x2b9f660
gajl-55668-20241105guyanan1:55552:55552 [0] NCCL INFO AllReduce: 16384 Bytes -> Algo RING proto LL channel{Lo..Hi}={0..0} comm 0x2b9f660
gajl-55668-20241105guyanan1:55552:55552 [0] NCCL INFO AllReduce: 16384 Bytes -> Algo RING proto LL channel{Lo..Hi}={0..0} comm 0x2b9f660
gajl-55668-20241105guyanan1:55552:55552 [0] NCCL INFO AllReduce: 16384 Bytes -> Algo RING proto LL channel{Lo..Hi}={0..0} comm 0x2b9f660
gajl-55668-20241105guyanan1:55552:55552 [0] NCCL INFO AllReduce: 16384 Bytes -> Algo RING proto LL channel{Lo..Hi}={0..0} comm 0x2b9f660
gajl-55668-20241105guyanan1:55552:55552 [0] NCCL INFO AllReduce: 16384 Bytes -> Algo RING proto LL channel{Lo..Hi}={0..0} comm 0x2b9f660
gajl-55668-20241105guyanan1:55552:55552 [0] NCCL INFO AllReduce: 16384 Bytes -> Algo RING proto LL channel{Lo..Hi}={0..0} comm 0x2b9f660
gajl-55668-20241105guyanan1:55552:55552 [0] NCCL INFO AllReduce: 16384 Bytes -> Algo RING proto LL channel{Lo..Hi}={0..0} comm 0x2b9f660
gajl-55668-20241105guyanan1:55552:55552 [0] NCCL INFO AllReduce: 32768 Bytes -> Algo RING proto LL channel{Lo..Hi}={0..0} comm 0x2b9f660
gajl-55668-20241105guyanan1:55552:55552 [0] NCCL INFO AllReduce: 32768 Bytes -> Algo RING proto LL channel{Lo..Hi}={0..0} comm 0x2b9f660
gajl-55668-20241105guyanan1:55552:55552 [0] NCCL INFO AllReduce: 32768 Bytes -> Algo RING proto LL channel{Lo..Hi}={0..0} comm 0x2b9f660
gajl-55668-20241105guyanan1:55552:55552 [0] NCCL INFO AllReduce: 32768 Bytes -> Algo RING proto LL channel{Lo..Hi}={0..0} comm 0x2b9f660
gajl-55668-20241105guyanan1:55552:55552 [0] NCCL INFO AllReduce: 32768 Bytes -> Algo RING proto LL channel{Lo..Hi}={0..0} comm 0x2b9f660
gajl-55668-20241105guyanan1:55552:55552 [0] NCCL INFO AllReduce: 32768 Bytes -> Algo RING proto LL channel{Lo..Hi}={0..0} comm 0x2b9f660
gajl-55668-20241105guyanan1:55552:55552 [0] NCCL INFO AllReduce: 32768 Bytes -> Algo RING proto LL channel{Lo..Hi}={0..0} comm 0x2b9f660
gajl-55668-20241105guyanan1:55552:55552 [0] NCCL INFO AllReduce: 32768 Bytes -> Algo RING proto LL channel{Lo..Hi}={0..0} comm 0x2b9f660
gajl-55668-20241105guyanan1:55552:55552 [0] NCCL INFO AllReduce: 32768 Bytes -> Algo RING proto LL channel{Lo..Hi}={0..0} comm 0x2b9f660
gajl-55668-20241105guyanan1:55552:55552 [0] NCCL INFO AllReduce: 32768 Bytes -> Algo RING proto LL channel{Lo..Hi}={0..0} comm 0x2b9f660
gajl-55668-20241105guyanan1:55552:55552 [0] NCCL INFO AllReduce: 32768 Bytes -> Algo RING proto LL channel{Lo..Hi}={0..0} comm 0x2b9f660
gajl-55668-20241105guyanan1:55552:55552 [0] NCCL INFO AllReduce: 32768 Bytes -> Algo RING proto LL channel{Lo..Hi}={0..0} comm 0x2b9f660
gajl-55668-20241105guyanan1:55552:55552 [0] NCCL INFO AllReduce: 32768 Bytes -> Algo RING proto LL channel{Lo..Hi}={0..0} comm 0x2b9f660
gajl-55668-20241105guyanan1:55552:55552 [0] NCCL INFO AllReduce: 32768 Bytes -> Algo RING proto LL channel{Lo..Hi}={0..0} comm 0x2b9f660
gajl-55668-20241105guyanan1:55552:55552 [0] NCCL INFO AllReduce: 65536 Bytes -> Algo RING proto LL channel{Lo..Hi}={0..0} comm 0x2b9f660
gajl-55668-20241105guyanan1:55552:55552 [0] NCCL INFO AllReduce: 65536 Bytes -> Algo RING proto LL channel{Lo..Hi}={0..0} comm 0x2b9f660
gajl-55668-20241105guyanan1:55552:55552 [0] NCCL INFO AllReduce: 65536 Bytes -> Algo RING proto LL channel{Lo..Hi}={0..0} comm 0x2b9f660
gajl-55668-20241105guyanan1:55552:55552 [0] NCCL INFO AllReduce: 65536 Bytes -> Algo RING proto LL channel{Lo..Hi}={0..0} comm 0x2b9f660
gajl-55668-20241105guyanan1:55552:55552 [0] NCCL INFO AllReduce: 65536 Bytes -> Algo RING proto LL channel{Lo..Hi}={0..0} comm 0x2b9f660
gajl-55668-20241105guyanan1:55552:55552 [0] NCCL INFO AllReduce: 65536 Bytes -> Algo RING proto LL channel{Lo..Hi}={0..0} comm 0x2b9f660
gajl-55668-20241105guyanan1:55552:55552 [0] NCCL INFO AllReduce: 65536 Bytes -> Algo RING proto LL channel{Lo..Hi}={0..0} comm 0x2b9f660
gajl-55668-20241105guyanan1:55552:55552 [0] NCCL INFO AllReduce: 65536 Bytes -> Algo RING proto LL channel{Lo..Hi}={0..0} comm 0x2b9f660
gajl-55668-20241105guyanan1:55552:55552 [0] NCCL INFO AllReduce: 65536 Bytes -> Algo RING proto LL channel{Lo..Hi}={0..0} comm 0x2b9f660
gajl-55668-20241105guyanan1:55552:55552 [0] NCCL INFO AllReduce: 65536 Bytes -> Algo RING proto LL channel{Lo..Hi}={0..0} comm 0x2b9f660
gajl-55668-20241105guyanan1:55552:55552 [0] NCCL INFO AllReduce: 65536 Bytes -> Algo RING proto LL channel{Lo..Hi}={0..0} comm 0x2b9f660
gajl-55668-20241105guyanan1:55552:55552 [0] NCCL INFO AllReduce: 65536 Bytes -> Algo RING proto LL channel{Lo..Hi}={0..0} comm 0x2b9f660
gajl-55668-20241105guyanan1:55552:55552 [0] NCCL INFO AllReduce: 65536 Bytes -> Algo RING proto LL channel{Lo..Hi}={0..0} comm 0x2b9f660
gajl-55668-20241105guyanan1:55552:55552 [0] NCCL INFO AllReduce: 65536 Bytes -> Algo RING proto LL channel{Lo..Hi}={0..0} comm 0x2b9f660
gajl-55668-20241105guyanan1:55552:55552 [0] NCCL INFO AllReduce: 131072 Bytes -> Algo RING proto LL channel{Lo..Hi}={0..0} comm 0x2b9f660
gajl-55668-20241105guyanan1:55552:55552 [0] NCCL INFO AllReduce: 131072 Bytes -> Algo RING proto LL channel{Lo..Hi}={0..0} comm 0x2b9f660
gajl-55668-20241105guyanan1:55552:55552 [0] NCCL INFO AllReduce: 131072 Bytes -> Algo RING proto LL channel{Lo..Hi}={0..0} comm 0x2b9f660
gajl-55668-20241105guyanan1:55552:55552 [0] NCCL INFO AllReduce: 131072 Bytes -> Algo RING proto LL channel{Lo..Hi}={0..0} comm 0x2b9f660
gajl-55668-20241105guyanan1:55552:55552 [0] NCCL INFO AllReduce: 131072 Bytes -> Algo RING proto LL channel{Lo..Hi}={0..0} comm 0x2b9f660
gajl-55668-20241105guyanan1:55552:55552 [0] NCCL INFO AllReduce: 131072 Bytes -> Algo RING proto LL channel{Lo..Hi}={0..0} comm 0x2b9f660
gajl-55668-20241105guyanan1:55552:55552 [0] NCCL INFO AllReduce: 131072 Bytes -> Algo RING proto LL channel{Lo..Hi}={0..0} comm 0x2b9f660
gajl-55668-20241105guyanan1:55552:55552 [0] NCCL INFO AllReduce: 131072 Bytes -> Algo RING proto LL channel{Lo..Hi}={0..0} comm 0x2b9f660
gajl-55668-20241105guyanan1:55552:55552 [0] NCCL INFO AllReduce: 131072 Bytes -> Algo RING proto LL channel{Lo..Hi}={0..0} comm 0x2b9f660
gajl-55668-20241105guyanan1:55552:55552 [0] NCCL INFO AllReduce: 131072 Bytes -> Algo RING proto LL channel{Lo..Hi}={0..0} comm 0x2b9f660
gajl-55668-20241105guyanan1:55552:55552 [0] NCCL INFO AllReduce: 131072 Bytes -> Algo RING proto LL channel{Lo..Hi}={0..0} comm 0x2b9f660
gajl-55668-20241105guyanan1:55552:55552 [0] NCCL INFO AllReduce: 131072 Bytes -> Algo RING proto LL channel{Lo..Hi}={0..0} comm 0x2b9f660
gajl-55668-20241105guyanan1:55552:55552 [0] NCCL INFO AllReduce: 131072 Bytes -> Algo RING proto LL channel{Lo..Hi}={0..0} comm 0x2b9f660
gajl-55668-20241105guyanan1:55552:55552 [0] NCCL INFO AllReduce: 131072 Bytes -> Algo RING proto LL channel{Lo..Hi}={0..0} comm 0x2b9f660
gajl-55668-20241105guyanan1:55552:55552 [0] NCCL INFO AllReduce: 262144 Bytes -> Algo RING proto LL channel{Lo..Hi}={0..0} comm 0x2b9f660
gajl-55668-20241105guyanan1:55552:55552 [0] NCCL INFO AllReduce: 262144 Bytes -> Algo RING proto LL channel{Lo..Hi}={0..0} comm 0x2b9f660
gajl-55668-20241105guyanan1:55552:55552 [0] NCCL INFO AllReduce: 262144 Bytes -> Algo RING proto LL channel{Lo..Hi}={0..0} comm 0x2b9f660
gajl-55668-20241105guyanan1:55552:55552 [0] NCCL INFO AllReduce: 262144 Bytes -> Algo RING proto LL channel{Lo..Hi}={0..0} comm 0x2b9f660
gajl-55668-20241105guyanan1:55552:55552 [0] NCCL INFO AllReduce: 262144 Bytes -> Algo RING proto LL channel{Lo..Hi}={0..0} comm 0x2b9f660
gajl-55668-20241105guyanan1:55552:55552 [0] NCCL INFO AllReduce: 262144 Bytes -> Algo RING proto LL channel{Lo..Hi}={0..0} comm 0x2b9f660
gajl-55668-20241105guyanan1:55552:55552 [0] NCCL INFO AllReduce: 262144 Bytes -> Algo RING proto LL channel{Lo..Hi}={0..0} comm 0x2b9f660
gajl-55668-20241105guyanan1:55552:55552 [0] NCCL INFO AllReduce: 262144 Bytes -> Algo RING proto LL channel{Lo..Hi}={0..0} comm 0x2b9f660
gajl-55668-20241105guyanan1:55552:55552 [0] NCCL INFO AllReduce: 262144 Bytes -> Algo RING proto LL channel{Lo..Hi}={0..0} comm 0x2b9f660
gajl-55668-20241105guyanan1:55552:55552 [0] NCCL INFO AllReduce: 262144 Bytes -> Algo RING proto LL channel{Lo..Hi}={0..0} comm 0x2b9f660
gajl-55668-20241105guyanan1:55552:55552 [0] NCCL INFO AllReduce: 262144 Bytes -> Algo RING proto LL channel{Lo..Hi}={0..0} comm 0x2b9f660
gajl-55668-20241105guyanan1:55552:55552 [0] NCCL INFO AllReduce: 262144 Bytes -> Algo RING proto LL channel{Lo..Hi}={0..0} comm 0x2b9f660
gajl-55668-20241105guyanan1:55552:55552 [0] NCCL INFO AllReduce: 262144 Bytes -> Algo RING proto LL channel{Lo..Hi}={0..0} comm 0x2b9f660
gajl-55668-20241105guyanan1:55552:55552 [0] NCCL INFO AllReduce: 262144 Bytes -> Algo RING proto LL channel{Lo..Hi}={0..0} comm 0x2b9f660
gajl-55668-20241105guyanan1:55552:55552 [0] NCCL INFO AllReduce: 524288 Bytes -> Algo RING proto LL channel{Lo..Hi}={0..0} comm 0x2b9f660
gajl-55668-20241105guyanan1:55552:55552 [0] NCCL INFO AllReduce: 524288 Bytes -> Algo RING proto LL channel{Lo..Hi}={0..0} comm 0x2b9f660
gajl-55668-20241105guyanan1:55552:55552 [0] NCCL INFO AllReduce: 524288 Bytes -> Algo RING proto LL channel{Lo..Hi}={0..0} comm 0x2b9f660
gajl-55668-20241105guyanan1:55552:55552 [0] NCCL INFO AllReduce: 524288 Bytes -> Algo RING proto LL channel{Lo..Hi}={0..0} comm 0x2b9f660
gajl-55668-20241105guyanan1:55552:55552 [0] NCCL INFO AllReduce: 524288 Bytes -> Algo RING proto LL channel{Lo..Hi}={0..0} comm 0x2b9f660
gajl-55668-20241105guyanan1:55552:55552 [0] NCCL INFO AllReduce: 524288 Bytes -> Algo RING proto LL channel{Lo..Hi}={0..0} comm 0x2b9f660
gajl-55668-20241105guyanan1:55552:55552 [0] NCCL INFO AllReduce: 524288 Bytes -> Algo RING proto LL channel{Lo..Hi}={0..0} comm 0x2b9f660
gajl-55668-20241105guyanan1:55552:55552 [0] NCCL INFO AllReduce: 524288 Bytes -> Algo RING proto LL channel{Lo..Hi}={0..0} comm 0x2b9f660
gajl-55668-20241105guyanan1:55552:55552 [0] NCCL INFO AllReduce: 524288 Bytes -> Algo RING proto LL channel{Lo..Hi}={0..0} comm 0x2b9f660
gajl-55668-20241105guyanan1:55552:55552 [0] NCCL INFO AllReduce: 524288 Bytes -> Algo RING proto LL channel{Lo..Hi}={0..0} comm 0x2b9f660
gajl-55668-20241105guyanan1:55552:55552 [0] NCCL INFO AllReduce: 524288 Bytes -> Algo RING proto LL channel{Lo..Hi}={0..0} comm 0x2b9f660
gajl-55668-20241105guyanan1:55552:55552 [0] NCCL INFO AllReduce: 524288 Bytes -> Algo RING proto LL channel{Lo..Hi}={0..0} comm 0x2b9f660
gajl-55668-20241105guyanan1:55552:55552 [0] NCCL INFO AllReduce: 524288 Bytes -> Algo RING proto LL channel{Lo..Hi}={0..0} comm 0x2b9f660
gajl-55668-20241105guyanan1:55552:55552 [0] NCCL INFO AllReduce: 524288 Bytes -> Algo RING proto LL channel{Lo..Hi}={0..0} comm 0x2b9f660
gajl-55668-20241105guyanan1:55552:55552 [0] NCCL INFO AllReduce: 1048576 Bytes -> Algo RING proto LL channel{Lo..Hi}={0..0} comm 0x2b9f660
gajl-55668-20241105guyanan1:55552:55552 [0] NCCL INFO AllReduce: 1048576 Bytes -> Algo RING proto LL channel{Lo..Hi}={0..0} comm 0x2b9f660
gajl-55668-20241105guyanan1:55552:55552 [0] NCCL INFO AllReduce: 1048576 Bytes -> Algo RING proto LL channel{Lo..Hi}={0..0} comm 0x2b9f660
gajl-55668-20241105guyanan1:55552:55552 [0] NCCL INFO AllReduce: 1048576 Bytes -> Algo RING proto LL channel{Lo..Hi}={0..0} comm 0x2b9f660
gajl-55668-20241105guyanan1:55552:55552 [0] NCCL INFO AllReduce: 1048576 Bytes -> Algo RING proto LL channel{Lo..Hi}={0..0} comm 0x2b9f660
gajl-55668-20241105guyanan1:55552:55552 [0] NCCL INFO AllReduce: 1048576 Bytes -> Algo RING proto LL channel{Lo..Hi}={0..0} comm 0x2b9f660
gajl-55668-20241105guyanan1:55552:55552 [0] NCCL INFO AllReduce: 1048576 Bytes -> Algo RING proto LL channel{Lo..Hi}={0..0} comm 0x2b9f660
gajl-55668-20241105guyanan1:55552:55552 [0] NCCL INFO AllReduce: 1048576 Bytes -> Algo RING proto LL channel{Lo..Hi}={0..0} comm 0x2b9f660
gajl-55668-20241105guyanan1:55552:55552 [0] NCCL INFO AllReduce: 1048576 Bytes -> Algo RING proto LL channel{Lo..Hi}={0..0} comm 0x2b9f660
gajl-55668-20241105guyanan1:55552:55552 [0] NCCL INFO AllReduce: 1048576 Bytes -> Algo RING proto LL channel{Lo..Hi}={0..0} comm 0x2b9f660
gajl-55668-20241105guyanan1:55552:55552 [0] NCCL INFO AllReduce: 1048576 Bytes -> Algo RING proto LL channel{Lo..Hi}={0..0} comm 0x2b9f660
gajl-55668-20241105guyanan1:55552:55552 [0] NCCL INFO AllReduce: 1048576 Bytes -> Algo RING proto LL channel{Lo..Hi}={0..0} comm 0x2b9f660
gajl-55668-20241105guyanan1:55552:55552 [0] NCCL INFO AllReduce: 1048576 Bytes -> Algo RING proto LL channel{Lo..Hi}={0..0} comm 0x2b9f660
gajl-55668-20241105guyanan1:55552:55552 [0] NCCL INFO AllReduce: 1048576 Bytes -> Algo RING proto LL channel{Lo..Hi}={0..0} comm 0x2b9f660
gajl-55668-20241105guyanan1:55552:55552 [0] NCCL INFO AllReduce: 2097152 Bytes -> Algo RING proto LL channel{Lo..Hi}={0..0} comm 0x2b9f660
gajl-55668-20241105guyanan1:55552:55552 [0] NCCL INFO AllReduce: 2097152 Bytes -> Algo RING proto LL channel{Lo..Hi}={0..0} comm 0x2b9f660
gajl-55668-20241105guyanan1:55552:55552 [0] NCCL INFO AllReduce: 2097152 Bytes -> Algo RING proto LL channel{Lo..Hi}={0..0} comm 0x2b9f660
gajl-55668-20241105guyanan1:55552:55552 [0] NCCL INFO AllReduce: 2097152 Bytes -> Algo RING proto LL channel{Lo..Hi}={0..0} comm 0x2b9f660
gajl-55668-20241105guyanan1:55552:55552 [0] NCCL INFO AllReduce: 2097152 Bytes -> Algo RING proto LL channel{Lo..Hi}={0..0} comm 0x2b9f660
gajl-55668-20241105guyanan1:55552:55552 [0] NCCL INFO AllReduce: 2097152 Bytes -> Algo RING proto LL channel{Lo..Hi}={0..0} comm 0x2b9f660
gajl-55668-20241105guyanan1:55552:55552 [0] NCCL INFO AllReduce: 2097152 Bytes -> Algo RING proto LL channel{Lo..Hi}={0..0} comm 0x2b9f660
gajl-55668-20241105guyanan1:55552:55552 [0] NCCL INFO AllReduce: 2097152 Bytes -> Algo RING proto LL channel{Lo..Hi}={0..0} comm 0x2b9f660
gajl-55668-20241105guyanan1:55552:55552 [0] NCCL INFO AllReduce: 2097152 Bytes -> Algo RING proto LL channel{Lo..Hi}={0..0} comm 0x2b9f660
gajl-55668-20241105guyanan1:55552:55552 [0] NCCL INFO AllReduce: 2097152 Bytes -> Algo RING proto LL channel{Lo..Hi}={0..0} comm 0x2b9f660
gajl-55668-20241105guyanan1:55552:55552 [0] NCCL INFO AllReduce: 2097152 Bytes -> Algo RING proto LL channel{Lo..Hi}={0..0} comm 0x2b9f660
gajl-55668-20241105guyanan1:55552:55552 [0] NCCL INFO AllReduce: 2097152 Bytes -> Algo RING proto LL channel{Lo..Hi}={0..0} comm 0x2b9f660
gajl-55668-20241105guyanan1:55552:55552 [0] NCCL INFO AllReduce: 2097152 Bytes -> Algo RING proto LL channel{Lo..Hi}={0..0} comm 0x2b9f660
gajl-55668-20241105guyanan1:55552:55552 [0] NCCL INFO AllReduce: 2097152 Bytes -> Algo RING proto LL channel{Lo..Hi}={0..0} comm 0x2b9f660
gajl-55668-20241105guyanan1:55552:55552 [0] NCCL INFO AllReduce: 4194304 Bytes -> Algo RING proto LL128 channel{Lo..Hi}={0..0} comm 0x2b9f660
gajl-55668-20241105guyanan1:55552:55552 [0] NCCL INFO AllReduce: 4194304 Bytes -> Algo RING proto LL128 channel{Lo..Hi}={0..0} comm 0x2b9f660
gajl-55668-20241105guyanan1:55552:55552 [0] NCCL INFO AllReduce: 4194304 Bytes -> Algo RING proto LL128 channel{Lo..Hi}={0..0} comm 0x2b9f660
gajl-55668-20241105guyanan1:55552:55552 [0] NCCL INFO AllReduce: 4194304 Bytes -> Algo RING proto LL128 channel{Lo..Hi}={0..0} comm 0x2b9f660
gajl-55668-20241105guyanan1:55552:55552 [0] NCCL INFO AllReduce: 4194304 Bytes -> Algo RING proto LL128 channel{Lo..Hi}={0..0} comm 0x2b9f660
gajl-55668-20241105guyanan1:55552:55552 [0] NCCL INFO AllReduce: 4194304 Bytes -> Algo RING proto LL128 channel{Lo..Hi}={0..0} comm 0x2b9f660
gajl-55668-20241105guyanan1:55552:55552 [0] NCCL INFO AllReduce: 4194304 Bytes -> Algo RING proto LL128 channel{Lo..Hi}={0..0} comm 0x2b9f660
gajl-55668-20241105guyanan1:55552:55552 [0] NCCL INFO AllReduce: 4194304 Bytes -> Algo RING proto LL128 channel{Lo..Hi}={0..0} comm 0x2b9f660
gajl-55668-20241105guyanan1:55552:55552 [0] NCCL INFO AllReduce: 4194304 Bytes -> Algo RING proto LL128 channel{Lo..Hi}={0..0} comm 0x2b9f660
gajl-55668-20241105guyanan1:55552:55552 [0] NCCL INFO AllReduce: 4194304 Bytes -> Algo RING proto LL128 channel{Lo..Hi}={0..0} comm 0x2b9f660
gajl-55668-20241105guyanan1:55552:55552 [0] NCCL INFO AllReduce: 4194304 Bytes -> Algo RING proto LL128 channel{Lo..Hi}={0..0} comm 0x2b9f660
gajl-55668-20241105guyanan1:55552:55552 [0] NCCL INFO AllReduce: 4194304 Bytes -> Algo RING proto LL128 channel{Lo..Hi}={0..0} comm 0x2b9f660
gajl-55668-20241105guyanan1:55552:55552 [0] NCCL INFO AllReduce: 4194304 Bytes -> Algo RING proto LL128 channel{Lo..Hi}={0..0} comm 0x2b9f660
gajl-55668-20241105guyanan1:55552:55552 [0] NCCL INFO AllReduce: 4194304 Bytes -> Algo RING proto LL128 channel{Lo..Hi}={0..0} comm 0x2b9f660
gajl-55668-20241105guyanan1:55552:55552 [0] NCCL INFO AllReduce: 8388608 Bytes -> Algo RING proto LL128 channel{Lo..Hi}={0..0} comm 0x2b9f660
gajl-55668-20241105guyanan1:55552:55552 [0] NCCL INFO AllReduce: 8388608 Bytes -> Algo RING proto LL128 channel{Lo..Hi}={0..0} comm 0x2b9f660
gajl-55668-20241105guyanan1:55552:55552 [0] NCCL INFO AllReduce: 8388608 Bytes -> Algo RING proto LL128 channel{Lo..Hi}={0..0} comm 0x2b9f660
gajl-55668-20241105guyanan1:55552:55552 [0] NCCL INFO AllReduce: 8388608 Bytes -> Algo RING proto LL128 channel{Lo..Hi}={0..0} comm 0x2b9f660
gajl-55668-20241105guyanan1:55552:55552 [0] NCCL INFO AllReduce: 8388608 Bytes -> Algo RING proto LL128 channel{Lo..Hi}={0..0} comm 0x2b9f660
gajl-55668-20241105guyanan1:55552:55552 [0] NCCL INFO AllReduce: 8388608 Bytes -> Algo RING proto LL128 channel{Lo..Hi}={0..0} comm 0x2b9f660
gajl-55668-20241105guyanan1:55552:55552 [0] NCCL INFO AllReduce: 8388608 Bytes -> Algo RING proto LL128 channel{Lo..Hi}={0..0} comm 0x2b9f660
gajl-55668-20241105guyanan1:55552:55552 [0] NCCL INFO AllReduce: 8388608 Bytes -> Algo RING proto LL128 channel{Lo..Hi}={0..0} comm 0x2b9f660
gajl-55668-20241105guyanan1:55552:55552 [0] NCCL INFO AllReduce: 8388608 Bytes -> Algo RING proto LL128 channel{Lo..Hi}={0..0} comm 0x2b9f660
gajl-55668-20241105guyanan1:55552:55552 [0] NCCL INFO AllReduce: 8388608 Bytes -> Algo RING proto LL128 channel{Lo..Hi}={0..0} comm 0x2b9f660
gajl-55668-20241105guyanan1:55552:55552 [0] NCCL INFO AllReduce: 8388608 Bytes -> Algo RING proto LL128 channel{Lo..Hi}={0..0} comm 0x2b9f660
gajl-55668-20241105guyanan1:55552:55552 [0] NCCL INFO AllReduce: 8388608 Bytes -> Algo RING proto LL128 channel{Lo..Hi}={0..0} comm 0x2b9f660
gajl-55668-20241105guyanan1:55552:55552 [0] NCCL INFO AllReduce: 8388608 Bytes -> Algo RING proto LL128 channel{Lo..Hi}={0..0} comm 0x2b9f660
gajl-55668-20241105guyanan1:55552:55552 [0] NCCL INFO AllReduce: 8388608 Bytes -> Algo RING proto LL128 channel{Lo..Hi}={0..0} comm 0x2b9f660
gajl-55668-20241105guyanan1:55552:55552 [0] NCCL INFO AllReduce: 16777216 Bytes -> Algo RING proto LL128 channel{Lo..Hi}={0..0} comm 0x2b9f660
gajl-55668-20241105guyanan1:55552:55552 [0] NCCL INFO AllReduce: 16777216 Bytes -> Algo RING proto LL128 channel{Lo..Hi}={0..0} comm 0x2b9f660
gajl-55668-20241105guyanan1:55552:55552 [0] NCCL INFO AllReduce: 16777216 Bytes -> Algo RING proto LL128 channel{Lo..Hi}={0..0} comm 0x2b9f660
gajl-55668-20241105guyanan1:55552:55552 [0] NCCL INFO AllReduce: 16777216 Bytes -> Algo RING proto LL128 channel{Lo..Hi}={0..0} comm 0x2b9f660
gajl-55668-20241105guyanan1:55552:55552 [0] NCCL INFO AllReduce: 16777216 Bytes -> Algo RING proto LL128 channel{Lo..Hi}={0..0} comm 0x2b9f660
gajl-55668-20241105guyanan1:55552:55552 [0] NCCL INFO AllReduce: 16777216 Bytes -> Algo RING proto LL128 channel{Lo..Hi}={0..0} comm 0x2b9f660
gajl-55668-20241105guyanan1:55552:55552 [0] NCCL INFO AllReduce: 16777216 Bytes -> Algo RING proto LL128 channel{Lo..Hi}={0..0} comm 0x2b9f660
gajl-55668-20241105guyanan1:55552:55552 [0] NCCL INFO AllReduce: 16777216 Bytes -> Algo RING proto LL128 channel{Lo..Hi}={0..0} comm 0x2b9f660
gajl-55668-20241105guyanan1:55552:55552 [0] NCCL INFO AllReduce: 16777216 Bytes -> Algo RING proto LL128 channel{Lo..Hi}={0..0} comm 0x2b9f660
gajl-55668-20241105guyanan1:55552:55552 [0] NCCL INFO AllReduce: 16777216 Bytes -> Algo RING proto LL128 channel{Lo..Hi}={0..0} comm 0x2b9f660
gajl-55668-20241105guyanan1:55552:55552 [0] NCCL INFO AllReduce: 16777216 Bytes -> Algo RING proto LL128 channel{Lo..Hi}={0..0} comm 0x2b9f660
gajl-55668-20241105guyanan1:55552:55552 [0] NCCL INFO AllReduce: 16777216 Bytes -> Algo RING proto LL128 channel{Lo..Hi}={0..0} comm 0x2b9f660
gajl-55668-20241105guyanan1:55552:55552 [0] NCCL INFO AllReduce: 16777216 Bytes -> Algo RING proto LL128 channel{Lo..Hi}={0..0} comm 0x2b9f660
gajl-55668-20241105guyanan1:55552:55552 [0] NCCL INFO AllReduce: 16777216 Bytes -> Algo RING proto LL128 channel{Lo..Hi}={0..0} comm 0x2b9f660
gajl-55668-20241105guyanan1:55552:55552 [0] NCCL INFO AllReduce: 33554432 Bytes -> Algo RING proto LL128 channel{Lo..Hi}={0..0} comm 0x2b9f660
gajl-55668-20241105guyanan1:55552:55552 [0] NCCL INFO AllReduce: 33554432 Bytes -> Algo RING proto LL128 channel{Lo..Hi}={0..0} comm 0x2b9f660
gajl-55668-20241105guyanan1:55552:55552 [0] NCCL INFO AllReduce: 33554432 Bytes -> Algo RING proto LL128 channel{Lo..Hi}={0..0} comm 0x2b9f660
gajl-55668-20241105guyanan1:55552:55552 [0] NCCL INFO AllReduce: 33554432 Bytes -> Algo RING proto LL128 channel{Lo..Hi}={0..0} comm 0x2b9f660
gajl-55668-20241105guyanan1:55552:55552 [0] NCCL INFO AllReduce: 33554432 Bytes -> Algo RING proto LL128 channel{Lo..Hi}={0..0} comm 0x2b9f660
gajl-55668-20241105guyanan1:55552:55552 [0] NCCL INFO AllReduce: 33554432 Bytes -> Algo RING proto LL128 channel{Lo..Hi}={0..0} comm 0x2b9f660
gajl-55668-20241105guyanan1:55552:55552 [0] NCCL INFO AllReduce: 33554432 Bytes -> Algo RING proto LL128 channel{Lo..Hi}={0..0} comm 0x2b9f660
gajl-55668-20241105guyanan1:55552:55552 [0] NCCL INFO AllReduce: 33554432 Bytes -> Algo RING proto LL128 channel{Lo..Hi}={0..0} comm 0x2b9f660
gajl-55668-20241105guyanan1:55552:55552 [0] NCCL INFO AllReduce: 33554432 Bytes -> Algo RING proto LL128 channel{Lo..Hi}={0..0} comm 0x2b9f660
gajl-55668-20241105guyanan1:55552:55552 [0] NCCL INFO AllReduce: 33554432 Bytes -> Algo RING proto LL128 channel{Lo..Hi}={0..0} comm 0x2b9f660
gajl-55668-20241105guyanan1:55552:55552 [0] NCCL INFO AllReduce: 33554432 Bytes -> Algo RING proto LL128 channel{Lo..Hi}={0..0} comm 0x2b9f660
gajl-55668-20241105guyanan1:55552:55552 [0] NCCL INFO AllReduce: 33554432 Bytes -> Algo RING proto LL128 channel{Lo..Hi}={0..0} comm 0x2b9f660
gajl-55668-20241105guyanan1:55552:55552 [0] NCCL INFO AllReduce: 33554432 Bytes -> Algo RING proto LL128 channel{Lo..Hi}={0..0} comm 0x2b9f660
gajl-55668-20241105guyanan1:55552:55552 [0] NCCL INFO AllReduce: 33554432 Bytes -> Algo RING proto LL128 channel{Lo..Hi}={0..0} comm 0x2b9f660
gajl-55668-20241105guyanan1:55552:55552 [0] NCCL INFO AllReduce: 67108864 Bytes -> Algo RING proto LL128 channel{Lo..Hi}={0..0} comm 0x2b9f660
gajl-55668-20241105guyanan1:55552:55552 [0] NCCL INFO AllReduce: 67108864 Bytes -> Algo RING proto LL128 channel{Lo..Hi}={0..0} comm 0x2b9f660
gajl-55668-20241105guyanan1:55552:55552 [0] NCCL INFO AllReduce: 67108864 Bytes -> Algo RING proto LL128 channel{Lo..Hi}={0..0} comm 0x2b9f660
gajl-55668-20241105guyanan1:55552:55552 [0] NCCL INFO AllReduce: 67108864 Bytes -> Algo RING proto LL128 channel{Lo..Hi}={0..0} comm 0x2b9f660
gajl-55668-20241105guyanan1:55552:55552 [0] NCCL INFO AllReduce: 67108864 Bytes -> Algo RING proto LL128 channel{Lo..Hi}={0..0} comm 0x2b9f660
gajl-55668-20241105guyanan1:55552:55552 [0] NCCL INFO AllReduce: 67108864 Bytes -> Algo RING proto LL128 channel{Lo..Hi}={0..0} comm 0x2b9f660
gajl-55668-20241105guyanan1:55552:55552 [0] NCCL INFO AllReduce: 67108864 Bytes -> Algo RING proto LL128 channel{Lo..Hi}={0..0} comm 0x2b9f660
gajl-55668-20241105guyanan1:55552:55552 [0] NCCL INFO AllReduce: 67108864 Bytes -> Algo RING proto LL128 channel{Lo..Hi}={0..0} comm 0x2b9f660
gajl-55668-20241105guyanan1:55552:55552 [0] NCCL INFO AllReduce: 67108864 Bytes -> Algo RING proto LL128 channel{Lo..Hi}={0..0} comm 0x2b9f660
gajl-55668-20241105guyanan1:55552:55552 [0] NCCL INFO AllReduce: 67108864 Bytes -> Algo RING proto LL128 channel{Lo..Hi}={0..0} comm 0x2b9f660
gajl-55668-20241105guyanan1:55552:55552 [0] NCCL INFO AllReduce: 67108864 Bytes -> Algo RING proto LL128 channel{Lo..Hi}={0..0} comm 0x2b9f660
gajl-55668-20241105guyanan1:55552:55552 [0] NCCL INFO AllReduce: 67108864 Bytes -> Algo RING proto LL128 channel{Lo..Hi}={0..0} comm 0x2b9f660
gajl-55668-20241105guyanan1:55552:55552 [0] NCCL INFO AllReduce: 67108864 Bytes -> Algo RING proto LL128 channel{Lo..Hi}={0..0} comm 0x2b9f660
gajl-55668-20241105guyanan1:55552:55552 [0] NCCL INFO AllReduce: 67108864 Bytes -> Algo RING proto LL128 channel{Lo..Hi}={0..0} comm 0x2b9f660
gajl-55668-20241105guyanan1:55552:55552 [0] NCCL INFO AllReduce: 134217728 Bytes -> Algo RING proto LL128 channel{Lo..Hi}={0..0} comm 0x2b9f660
gajl-55668-20241105guyanan1:55552:55552 [0] NCCL INFO AllReduce: 134217728 Bytes -> Algo RING proto LL128 channel{Lo..Hi}={0..0} comm 0x2b9f660
gajl-55668-20241105guyanan1:55552:55552 [0] NCCL INFO AllReduce: 134217728 Bytes -> Algo RING proto LL128 channel{Lo..Hi}={0..0} comm 0x2b9f660
gajl-55668-20241105guyanan1:55552:55552 [0] NCCL INFO AllReduce: 134217728 Bytes -> Algo RING proto LL128 channel{Lo..Hi}={0..0} comm 0x2b9f660
gajl-55668-20241105guyanan1:55552:55552 [0] NCCL INFO AllReduce: 134217728 Bytes -> Algo RING proto LL128 channel{Lo..Hi}={0..0} comm 0x2b9f660
gajl-55668-20241105guyanan1:55552:55552 [0] NCCL INFO AllReduce: 134217728 Bytes -> Algo RING proto LL128 channel{Lo..Hi}={0..0} comm 0x2b9f660
gajl-55668-20241105guyanan1:55552:55552 [0] NCCL INFO AllReduce: 134217728 Bytes -> Algo RING proto LL128 channel{Lo..Hi}={0..0} comm 0x2b9f660
gajl-55668-20241105guyanan1:55552:55552 [0] NCCL INFO AllReduce: 134217728 Bytes -> Algo RING proto LL128 channel{Lo..Hi}={0..0} comm 0x2b9f660
gajl-55668-20241105guyanan1:55552:55552 [0] NCCL INFO AllReduce: 134217728 Bytes -> Algo RING proto LL128 channel{Lo..Hi}={0..0} comm 0x2b9f660
gajl-55668-20241105guyanan1:55552:55552 [0] NCCL INFO AllReduce: 134217728 Bytes -> Algo RING proto LL128 channel{Lo..Hi}={0..0} comm 0x2b9f660
gajl-55668-20241105guyanan1:55552:55552 [0] NCCL INFO AllReduce: 134217728 Bytes -> Algo RING proto LL128 channel{Lo..Hi}={0..0} comm 0x2b9f660
gajl-55668-20241105guyanan1:55552:55552 [0] NCCL INFO AllReduce: 134217728 Bytes -> Algo RING proto LL128 channel{Lo..Hi}={0..0} comm 0x2b9f660
gajl-55668-20241105guyanan1:55552:55552 [0] NCCL INFO AllReduce: 134217728 Bytes -> Algo RING proto LL128 channel{Lo..Hi}={0..0} comm 0x2b9f660
gajl-55668-20241105guyanan1:55552:55552 [0] NCCL INFO AllReduce: 134217728 Bytes -> Algo RING proto LL128 channel{Lo..Hi}={0..0} comm 0x2b9f660
gajl-55668-20241105guyanan1:55552:55552 [0] NCCL INFO AllReduce: 268435456 Bytes -> Algo RING proto LL128 channel{Lo..Hi}={0..0} comm 0x2b9f660
gajl-55668-20241105guyanan1:55552:55552 [0] NCCL INFO AllReduce: 268435456 Bytes -> Algo RING proto LL128 channel{Lo..Hi}={0..0} comm 0x2b9f660
gajl-55668-20241105guyanan1:55552:55552 [0] NCCL INFO AllReduce: 268435456 Bytes -> Algo RING proto LL128 channel{Lo..Hi}={0..0} comm 0x2b9f660
gajl-55668-20241105guyanan1:55552:55552 [0] NCCL INFO AllReduce: 268435456 Bytes -> Algo RING proto LL128 channel{Lo..Hi}={0..0} comm 0x2b9f660
gajl-55668-20241105guyanan1:55552:55552 [0] NCCL INFO AllReduce: 268435456 Bytes -> Algo RING proto LL128 channel{Lo..Hi}={0..0} comm 0x2b9f660
gajl-55668-20241105guyanan1:55552:55552 [0] NCCL INFO AllReduce: 268435456 Bytes -> Algo RING proto LL128 channel{Lo..Hi}={0..0} comm 0x2b9f660
gajl-55668-20241105guyanan1:55552:55552 [0] NCCL INFO AllReduce: 268435456 Bytes -> Algo RING proto LL128 channel{Lo..Hi}={0..0} comm 0x2b9f660
gajl-55668-20241105guyanan1:55552:55552 [0] NCCL INFO AllReduce: 268435456 Bytes -> Algo RING proto LL128 channel{Lo..Hi}={0..0} comm 0x2b9f660
gajl-55668-20241105guyanan1:55552:55552 [0] NCCL INFO AllReduce: 268435456 Bytes -> Algo RING proto LL128 channel{Lo..Hi}={0..0} comm 0x2b9f660
gajl-55668-20241105guyanan1:55552:55552 [0] NCCL INFO AllReduce: 268435456 Bytes -> Algo RING proto LL128 channel{Lo..Hi}={0..0} comm 0x2b9f660
gajl-55668-20241105guyanan1:55552:55552 [0] NCCL INFO AllReduce: 268435456 Bytes -> Algo RING proto LL128 channel{Lo..Hi}={0..0} comm 0x2b9f660
gajl-55668-20241105guyanan1:55552:55552 [0] NCCL INFO AllReduce: 268435456 Bytes -> Algo RING proto LL128 channel{Lo..Hi}={0..0} comm 0x2b9f660
gajl-55668-20241105guyanan1:55552:55552 [0] NCCL INFO AllReduce: 268435456 Bytes -> Algo RING proto LL128 channel{Lo..Hi}={0..0} comm 0x2b9f660
gajl-55668-20241105guyanan1:55552:55552 [0] NCCL INFO AllReduce: 268435456 Bytes -> Algo RING proto LL128 channel{Lo..Hi}={0..0} comm 0x2b9f660
gajl-55668-20241105guyanan1:55552:55552 [0] NCCL INFO AllReduce: 536870912 Bytes -> Algo RING proto LL128 channel{Lo..Hi}={0..0} comm 0x2b9f660
gajl-55668-20241105guyanan1:55552:55552 [0] NCCL INFO AllReduce: 536870912 Bytes -> Algo RING proto LL128 channel{Lo..Hi}={0..0} comm 0x2b9f660
gajl-55668-20241105guyanan1:55552:55552 [0] NCCL INFO AllReduce: 536870912 Bytes -> Algo RING proto LL128 channel{Lo..Hi}={0..0} comm 0x2b9f660
gajl-55668-20241105guyanan1:55552:55552 [0] NCCL INFO AllReduce: 536870912 Bytes -> Algo RING proto LL128 channel{Lo..Hi}={0..0} comm 0x2b9f660
gajl-55668-20241105guyanan1:55552:55552 [0] NCCL INFO AllReduce: 536870912 Bytes -> Algo RING proto LL128 channel{Lo..Hi}={0..0} comm 0x2b9f660
gajl-55668-20241105guyanan1:55552:55552 [0] NCCL INFO AllReduce: 536870912 Bytes -> Algo RING proto LL128 channel{Lo..Hi}={0..0} comm 0x2b9f660
gajl-55668-20241105guyanan1:55552:55552 [0] NCCL INFO AllReduce: 536870912 Bytes -> Algo RING proto LL128 channel{Lo..Hi}={0..0} comm 0x2b9f660
gajl-55668-20241105guyanan1:55552:55552 [0] NCCL INFO AllReduce: 536870912 Bytes -> Algo RING proto LL128 channel{Lo..Hi}={0..0} comm 0x2b9f660
gajl-55668-20241105guyanan1:55552:55552 [0] NCCL INFO AllReduce: 536870912 Bytes -> Algo RING proto LL128 channel{Lo..Hi}={0..0} comm 0x2b9f660
gajl-55668-20241105guyanan1:55552:55552 [0] NCCL INFO AllReduce: 536870912 Bytes -> Algo RING proto LL128 channel{Lo..Hi}={0..0} comm 0x2b9f660
gajl-55668-20241105guyanan1:55552:55552 [0] NCCL INFO AllReduce: 536870912 Bytes -> Algo RING proto LL128 channel{Lo..Hi}={0..0} comm 0x2b9f660
gajl-55668-20241105guyanan1:55552:55552 [0] NCCL INFO AllReduce: 536870912 Bytes -> Algo RING proto LL128 channel{Lo..Hi}={0..0} comm 0x2b9f660
gajl-55668-20241105guyanan1:55552:55552 [0] NCCL INFO AllReduce: 536870912 Bytes -> Algo RING proto LL128 channel{Lo..Hi}={0..0} comm 0x2b9f660
gajl-55668-20241105guyanan1:55552:55552 [0] NCCL INFO AllReduce: 536870912 Bytes -> Algo RING proto LL128 channel{Lo..Hi}={0..0} comm 0x2b9f660
gajl-55668-20241105guyanan1:55552:55552 [0] NCCL INFO AllReduce: 1073741824 Bytes -> Algo RING proto LL128 channel{Lo..Hi}={0..0} comm 0x2b9f660
gajl-55668-20241105guyanan1:55552:55552 [0] NCCL INFO AllReduce: 1073741824 Bytes -> Algo RING proto LL128 channel{Lo..Hi}={0..0} comm 0x2b9f660
gajl-55668-20241105guyanan1:55552:55552 [0] NCCL INFO AllReduce: 1073741824 Bytes -> Algo RING proto LL128 channel{Lo..Hi}={0..0} comm 0x2b9f660
gajl-55668-20241105guyanan1:55552:55552 [0] NCCL INFO AllReduce: 1073741824 Bytes -> Algo RING proto LL128 channel{Lo..Hi}={0..0} comm 0x2b9f660
gajl-55668-20241105guyanan1:55552:55552 [0] NCCL INFO AllReduce: 1073741824 Bytes -> Algo RING proto LL128 channel{Lo..Hi}={0..0} comm 0x2b9f660
gajl-55668-20241105guyanan1:55552:55552 [0] NCCL INFO AllReduce: 1073741824 Bytes -> Algo RING proto LL128 channel{Lo..Hi}={0..0} comm 0x2b9f660
gajl-55668-20241105guyanan1:55552:55552 [0] NCCL INFO AllReduce: 1073741824 Bytes -> Algo RING proto LL128 channel{Lo..Hi}={0..0} comm 0x2b9f660
gajl-55668-20241105guyanan1:55552:55552 [0] NCCL INFO AllReduce: 1073741824 Bytes -> Algo RING proto LL128 channel{Lo..Hi}={0..0} comm 0x2b9f660
gajl-55668-20241105guyanan1:55552:55552 [0] NCCL INFO AllReduce: 1073741824 Bytes -> Algo RING proto LL128 channel{Lo..Hi}={0..0} comm 0x2b9f660
gajl-55668-20241105guyanan1:55552:55552 [0] NCCL INFO AllReduce: 1073741824 Bytes -> Algo RING proto LL128 channel{Lo..Hi}={0..0} comm 0x2b9f660
gajl-55668-20241105guyanan1:55552:55552 [0] NCCL INFO AllReduce: 1073741824 Bytes -> Algo RING proto LL128 channel{Lo..Hi}={0..0} comm 0x2b9f660
gajl-55668-20241105guyanan1:55552:55552 [0] NCCL INFO AllReduce: 1073741824 Bytes -> Algo RING proto LL128 channel{Lo..Hi}={0..0} comm 0x2b9f660
gajl-55668-20241105guyanan1:55552:55552 [0] NCCL INFO AllReduce: 1073741824 Bytes -> Algo RING proto LL128 channel{Lo..Hi}={0..0} comm 0x2b9f660
gajl-55668-20241105guyanan1:55552:55552 [0] NCCL INFO AllReduce: 1073741824 Bytes -> Algo RING proto LL128 channel{Lo..Hi}={0..0} comm 0x2b9f660
gajl-55668-20241105guyanan1:55552:55552 [0] NCCL INFO AllReduce: 2147483648 Bytes -> Algo RING proto LL128 channel{Lo..Hi}={0..0} comm 0x2b9f660
gajl-55668-20241105guyanan1:55552:55552 [0] NCCL INFO AllReduce: 2147483648 Bytes -> Algo RING proto LL128 channel{Lo..Hi}={0..0} comm 0x2b9f660
gajl-55668-20241105guyanan1:55552:55552 [0] NCCL INFO AllReduce: 2147483648 Bytes -> Algo RING proto LL128 channel{Lo..Hi}={0..0} comm 0x2b9f660
gajl-55668-20241105guyanan1:55552:55552 [0] NCCL INFO AllReduce: 2147483648 Bytes -> Algo RING proto LL128 channel{Lo..Hi}={0..0} comm 0x2b9f660
gajl-55668-20241105guyanan1:55552:55552 [0] NCCL INFO AllReduce: 2147483648 Bytes -> Algo RING proto LL128 channel{Lo..Hi}={0..0} comm 0x2b9f660
gajl-55668-20241105guyanan1:55552:55552 [0] NCCL INFO AllReduce: 2147483648 Bytes -> Algo RING proto LL128 channel{Lo..Hi}={0..0} comm 0x2b9f660
gajl-55668-20241105guyanan1:55552:55552 [0] NCCL INFO AllReduce: 2147483648 Bytes -> Algo RING proto LL128 channel{Lo..Hi}={0..0} comm 0x2b9f660
gajl-55668-20241105guyanan1:55552:55552 [0] NCCL INFO AllReduce: 2147483648 Bytes -> Algo RING proto LL128 channel{Lo..Hi}={0..0} comm 0x2b9f660
gajl-55668-20241105guyanan1:55552:55552 [0] NCCL INFO AllReduce: 2147483648 Bytes -> Algo RING proto LL128 channel{Lo..Hi}={0..0} comm 0x2b9f660
gajl-55668-20241105guyanan1:55552:55552 [0] NCCL INFO AllReduce: 2147483648 Bytes -> Algo RING proto LL128 channel{Lo..Hi}={0..0} comm 0x2b9f660
gajl-55668-20241105guyanan1:55552:55552 [0] NCCL INFO AllReduce: 2147483648 Bytes -> Algo RING proto LL128 channel{Lo..Hi}={0..0} comm 0x2b9f660
gajl-55668-20241105guyanan1:55552:55552 [0] NCCL INFO AllReduce: 2147483648 Bytes -> Algo RING proto LL128 channel{Lo..Hi}={0..0} comm 0x2b9f660
gajl-55668-20241105guyanan1:55552:55552 [0] NCCL INFO AllReduce: 2147483648 Bytes -> Algo RING proto LL128 channel{Lo..Hi}={0..0} comm 0x2b9f660
gajl-55668-20241105guyanan1:55552:55552 [0] NCCL INFO AllReduce: 2147483648 Bytes -> Algo RING proto LL128 channel{Lo..Hi}={0..0} comm 0x2b9f660
gajl-55668-20241105guyanan1:55552:55552 [0] NCCL INFO AllReduce: 4294967296 Bytes -> Algo RING proto LL128 channel{Lo..Hi}={0..0} comm 0x2b9f660
gajl-55668-20241105guyanan1:55552:55552 [0] NCCL INFO AllReduce: 4294967296 Bytes -> Algo RING proto LL128 channel{Lo..Hi}={0..0} comm 0x2b9f660
gajl-55668-20241105guyanan1:55552:55552 [0] NCCL INFO AllReduce: 4294967296 Bytes -> Algo RING proto LL128 channel{Lo..Hi}={0..0} comm 0x2b9f660
gajl-55668-20241105guyanan1:55552:55552 [0] NCCL INFO AllReduce: 4294967296 Bytes -> Algo RING proto LL128 channel{Lo..Hi}={0..0} comm 0x2b9f660
gajl-55668-20241105guyanan1:55552:55552 [0] NCCL INFO AllReduce: 4294967296 Bytes -> Algo RING proto LL128 channel{Lo..Hi}={0..0} comm 0x2b9f660
gajl-55668-20241105guyanan1:55552:55552 [0] NCCL INFO AllReduce: 4294967296 Bytes -> Algo RING proto LL128 channel{Lo..Hi}={0..0} comm 0x2b9f660
gajl-55668-20241105guyanan1:55552:55552 [0] NCCL INFO AllReduce: 4294967296 Bytes -> Algo RING proto LL128 channel{Lo..Hi}={0..0} comm 0x2b9f660
gajl-55668-20241105guyanan1:55552:55552 [0] NCCL INFO AllReduce: 4294967296 Bytes -> Algo RING proto LL128 channel{Lo..Hi}={0..0} comm 0x2b9f660
gajl-55668-20241105guyanan1:55552:55552 [0] NCCL INFO AllReduce: 4294967296 Bytes -> Algo RING proto LL128 channel{Lo..Hi}={0..0} comm 0x2b9f660
gajl-55668-20241105guyanan1:55552:55552 [0] NCCL INFO AllReduce: 4294967296 Bytes -> Algo RING proto LL128 channel{Lo..Hi}={0..0} comm 0x2b9f660
gajl-55668-20241105guyanan1:55552:55552 [0] NCCL INFO AllReduce: 4294967296 Bytes -> Algo RING proto LL128 channel{Lo..Hi}={0..0} comm 0x2b9f660
gajl-55668-20241105guyanan1:55552:55552 [0] NCCL INFO AllReduce: 4294967296 Bytes -> Algo RING proto LL128 channel{Lo..Hi}={0..0} comm 0x2b9f660
gajl-55668-20241105guyanan1:55552:55552 [0] NCCL INFO AllReduce: 4294967296 Bytes -> Algo RING proto LL128 channel{Lo..Hi}={0..0} comm 0x2b9f660
gajl-55668-20241105guyanan1:55552:55552 [0] NCCL INFO AllReduce: 4294967296 Bytes -> Algo RING proto LL128 channel{Lo..Hi}={0..0} comm 0x2b9f660
gajl-55668-20241105guyanan1:55552:19172 [0] NCCL INFO comm 0x2b9f660 rank 0 nranks 8 cudaDev 0 busId 18000 - Destroy COMPLETE
